
> agriwisepkg@0.0.0 test
> jest frontend/src/components/MarketPrices.test.jsx frontend/src/components/QualityPriceCalculator.test.jsx --watchAll=false

node.exe : FAIL src/c
omponents/QualityPric
eCalculator.test.jsx
At line:1 char:1
+ & "C:\Program Files
\nodejs/node.exe" "C:
\Users\prana\AppData\
Roaming\ ...
+ ~~~~~~~~~~~~~~~~~~~
~~~~~~~~~~~~~~~~~~~~~
~~~~~~~~~~~~~~~~~~~~~
~~~~~~~~
    + CategoryInfo   
           : NotSpe  
  cified: (FAIL sr   
 c/compon...ulato    
r.test.jsx:Strin    
g) [], RemoteExc    
eption
    + FullyQualified 
   ErrorId : Native  
  CommandError
 
  ΓùÅ Console

    console.error
      An update to Qu
alityPriceCalculator 
inside a test was 
not wrapped in 
act(...).
      
      When testing, 
code that causes 
React state updates 
should be wrapped 
into act(...):
      
      act(() => {
        /* fire 
events that update 
state */
      });
      /* assert on 
the output */
      
      This ensures 
that you're testing 
the behavior the 
user would see in 
the browser. Learn 
more at https://react
.dev/link/wrap-tests-
with-act

    [0m [90m 23 
|[39m             
[36mconst[39m data 
[33m=[39m 
[36mawait[39m respo
nse[33m.[39mjson()
[33m;[39m
     [90m 24 |[39m 
            
[36mif[39m ([33mAr
ray[39m[33m.[39mis
Array(data)) {
    [31m[1m>[22m[
39m[90m 25 |[39m   
              setCrop
s(data)[33m;[39m
     [90m    |[39m 
                
[31m[1m^[22m[39m
     [90m 26 |[39m 
                
[36mif[39m (data[3
3m.[39mlength 
[33m>[39m 
[35m0[39m) 
setFormData(prev 
[33m=>[39m ({ [33m
...[39mprev[33m,[3
9m crop[33m:[39m 
data[[35m0[39m] 
}))[33m;[39m
     [90m 27 |[39m 
            }
     [90m 28 |[39m 
        } 
[36mcatch[39m 
(err) {[0m

      at node_modules
/react-dom/cjs/react-
dom-client.developmen
t.js:18758:19
      at 
runWithFiberInDEV (no
de_modules/react-dom/
cjs/react-dom-client.
development.js:874:13
)
      at warnIfUpdate
sNotWrappedWithActDEV
 (node_modules/react-
dom/cjs/react-dom-cli
ent.development.js:18
757:9)
      at scheduleUpda
teOnFiber (node_modul
es/react-dom/cjs/reac
t-dom-client.developm
ent.js:16409:11)
      at dispatchSetS
tateInternal (node_mo
dules/react-dom/cjs/r
eact-dom-client.devel
opment.js:9170:13)
      at 
dispatchSetState (nod
e_modules/react-dom/c
js/react-dom-client.d
evelopment.js:9127:7)
      at setCrops (sr
c/components/QualityP
riceCalculator.jsx:25
:17)
      at 
Generator.call (src/c
omponents/QualityPric
eCalculator.jsx:2:1)
      at 
Generator._invoke 
[as next] (src/compon
ents/QualityPriceCalc
ulator.jsx:2:1)
      at 
asyncGeneratorStep (s
rc/components/Quality
PriceCalculator.jsx:2
:1)
      at 
asyncGeneratorStep (s
rc/components/Quality
PriceCalculator.jsx:2
:1)

    console.error
      An update to Qu
alityPriceCalculator 
inside a test was 
not wrapped in 
act(...).
      
      When testing, 
code that causes 
React state updates 
should be wrapped 
into act(...):
      
      act(() => {
        /* fire 
events that update 
state */
      });
      /* assert on 
the output */
      
      This ensures 
that you're testing 
the behavior the 
user would see in 
the browser. Learn 
more at https://react
.dev/link/wrap-tests-
with-act

    [0m [90m 24 
|[39m             
[36mif[39m ([33mAr
ray[39m[33m.[39mis
Array(data)) {
     [90m 25 |[39m 
                setCr
ops(data)[33m;[39m
    [31m[1m>[22m[
39m[90m 26 |[39m   
              
[36mif[39m (data[3
3m.[39mlength 
[33m>[39m 
[35m0[39m) 
setFormData(prev 
[33m=>[39m ({ [33m
...[39mprev[33m,[3
9m crop[33m:[39m 
data[[35m0[39m] 
}))[33m;[39m
     [90m    |[39m 
                     
                
[31m[1m^[22m[39m
     [90m 27 |[39m 
            }
     [90m 28 |[39m 
        } 
[36mcatch[39m 
(err) {
     [90m 29 |[39m 
            console[
33m.[39merror([32m'
Failed to load crops'
[39m[33m,[39m 
err)[33m;[39m[0m

      at node_modules
/react-dom/cjs/react-
dom-client.developmen
t.js:18758:19
      at 
runWithFiberInDEV (no
de_modules/react-dom/
cjs/react-dom-client.
development.js:874:13
)
      at warnIfUpdate
sNotWrappedWithActDEV
 (node_modules/react-
dom/cjs/react-dom-cli
ent.development.js:18
757:9)
      at scheduleUpda
teOnFiber (node_modul
es/react-dom/cjs/reac
t-dom-client.developm
ent.js:16409:11)
      at dispatchSetS
tateInternal (node_mo
dules/react-dom/cjs/r
eact-dom-client.devel
opment.js:9170:13)
      at 
dispatchSetState (nod
e_modules/react-dom/c
js/react-dom-client.d
evelopment.js:9127:7)
      at setFormData 
(src/components/Quali
tyPriceCalculator.jsx
:26:38)
      at 
Generator.call (src/c
omponents/QualityPric
eCalculator.jsx:2:1)
      at 
Generator._invoke 
[as next] (src/compon
ents/QualityPriceCalc
ulator.jsx:2:1)
      at 
asyncGeneratorStep (s
rc/components/Quality
PriceCalculator.jsx:2
:1)
      at 
asyncGeneratorStep (s
rc/components/Quality
PriceCalculator.jsx:2
:1)

  ΓùÅ QualityPriceCal
culator Component 
ΓÇ║ renders 
correctly with 
initial state

    TestingLibraryEle
mentError: Found a 
label with the text 
of: /Select Crop/i, 
however no form 
control was found 
associated to that 
label. Make sure 
you're using the 
"for" attribute or 
"aria-labelledby" 
attribute correctly.

    Ignored nodes: 
comments, script, 
style
    [36m<body>[39m
      [36m<div>[39m
        
[36m<div[39m
          [33mclass
[39m=[32m"bg-white 
rounded-2xl p-6 
shadow-sm border 
border-gray-100"[39m
        [36m>[39m
          
[36m<div[39m
            [33mclas
s[39m=[32m"flex 
items-center gap-3 
mb-6"[39m
          [36m>[39m
            
[36m<div[39m
              [33mcl
ass[39m=[32m"p-2 
bg-emerald-100 
rounded-lg"[39m
            
[36m>[39m
              
[36m<svg[39m
                [33m
aria-hidden[39m=[32
m"true"[39m
                [33m
class[39m=[32m"luci
de lucide-award h-6 
w-6 text-emerald-600"
[39m
                [33m
fill[39m=[32m"none"
[39m
                [33m
height[39m=[32m"24"
[39m
                [33m
stroke[39m=[32m"cur
rentColor"[39m
                [33m
stroke-linecap[39m=
[32m"round"[39m
                [33m
stroke-linejoin[39m=
[32m"round"[39m
                [33m
stroke-width[39m=[3
2m"2"[39m
                [33m
viewBox[39m=[32m"0 
0 24 24"[39m
                [33m
width[39m=[32m"24"
[39m
                [33m
xmlns[39m=[32m"http
://www.w3.org/2000/sv
g"[39m
              
[36m>[39m
                
[36m<path[39m
                  [3
3md[39m=[32m"m15.47
7 12.89 1.515 
8.526a.5.5 0 0 1-.81.
47l-3.58-2.687a1 1 0 
0 0-1.197 0l-3.586 
2.686a.5.5 0 0 1-.81-
.469l1.514-8.526"[39
m
                
[36m/>[39m
                
[36m<circle[39m
                  [3
3mcx[39m=[32m"12"[
39m
                  [3
3mcy[39m=[32m"8"[3
9m
                  [3
3mr[39m=[32m"6"[39
m
                
[36m/>[39m
              
[36m</svg>[39m
            
[36m</div>[39m
            
[36m<div>[39m
              
[36m<h3[39m
                [33m
class[39m=[32m"text
-lg font-bold 
text-gray-800"[39m
              
[36m>[39m
                
[0mQuality-Based 
Price Calculator[0m
              
[36m</h3>[39m
              
[36m<p[39m
                [33m
class[39m=[32m"text
-sm 
text-gray-500"[39m
              
[36m>[39m
                
[0mGet a fair price 
estimate based on 
your crop's 
quality[0m
              
[36m</p>[39m
            
[36m</div>[39m
          
[36m</div>[39m
          
[36m<form[39m
            [33mclas
s[39m=[32m"grid 
grid-cols-1 
md:grid-cols-2 
gap-6"[39m
          [36m>[39m
            
[36m<div[39m
              [33mcl
ass[39m=[32m"space-
y-2"[39m
            
[36m>[39m
              
[36m<label[39m
                [33m
class[39m=[32m"bloc
k text-sm 
font-medium 
text-gray-700"[39m
              
[36m>[39m
                
[0mSelect Crop[0m
              
[36m</label>[39m
              
[36m<div[39m
                [33m
class[39m=[32m"rela
tive"[39m
              
[36m>[39m
                
[36m<svg[39m
                  [3
3maria-hidden[39m=[
32m"true"[39m
                  [3
3mclass[39m=[32m"lu
cide lucide-leaf 
absolute left-3 
top-3 h-4 w-4 
text-gray-400"[39m
                  [3
3mfill[39m=[32m"non
e"[39m
                  [3
3mheight[39m=[32m"2
4"[39m
                  [3
3mstroke[39m=[32m"c
urrentColor"[39m
                  [3
3mstroke-linecap[39m
=[32m"round"[39m
                  [3
3mstroke-linejoin[39
m=[32m"round"[39m
                  [3
3mstroke-width[39m=
[32m"2"[39m
                  [3
3mviewBox[39m=[32m"
0 0 24 24"[39m
                  [3
3mwidth[39m=[32m"24
"[39m
                  [3
3mxmlns[39m=[32m"ht
tp://www.w3.org/2000/
svg"[39m
                
[36m>[39m
                  
[36m<path[39m
                    
[33md[39m=[32m"M11 
20A7 7 0 0 1 9.8 
6.1C15.5 5 17 4.48 
19 2c1 2 2 4.18 2 8 
0 5.5-4.78 10-10 
10Z"[39m
                  
[36m/>[39m
                  
[36m<path[39m
                    
[33md[39m=[32m"M2 
21c0-3 1.85-5.36 
5.08-6C9.5 14.52 12 
13 13 12"[39m
                  
[36m/>[39m
                
[36m</svg>[39m
                
[36m<select[39m
                  [3
3mclass[39m=[32m"w-
full pl-10 pr-4 py-2 
border 
border-gray-200 
rounded-xl 
focus:ring-2 focus:ri
ng-emerald-500 focus:
border-emerald-500 
transition-all"[39m
                
[36m/>[39m
              
[36m</div>[39m
            
[36m</div>[39m
            
[36m<div[39m
              [33mcl
ass[39m=[32m"space-
y-2"[39m
            
[36m>[39m
              
[36m<label[39m
                [33m
class[39m=[32m"bloc
k text-sm 
font-medium 
text-gray-700"[39m
              
[36m>[39m
                
[0mQuality Grade[0m
              
[36m</label>[39m
              
[36m<div[39m
                [33m
class[39m=[32m"grid
 grid-cols-3 
gap-2"[39m
              
[36m>[39m
                
[36m<button[39m
                  [3
3mclass[39m=[32m"py
-2 px-3 rounded-lg 
border text-sm 
font-medium 
transition-all 
bg-white 
text-gray-600 
border-gray-200 hover
:bg-gray-50"[39m
                  [3
3mtype[39m=[32m"but
ton"[39m
                
[36m>[39m
                  
[0mGrade [0m
                  
[0mA[0m
                
[36m</button>[39m
                
[36m<button[39m
                  [3
3mclass[39m=[32m"py
-2 px-3 rounded-lg 
border text-sm 
font-medium 
transition-all 
bg-emerald-600 
text-white 
border-emerald-600 
shadow-md"[39m
                  [3
3mtype[39m=[32m"but
ton"[39m
                
[36m>[39m
                  
[0mGrade [0m
                  
[0mB[0m
                
[36m</button>[39m
                
[36m<button[39m
                  [3
3mclass[39m=[32m"py
-2 px-3 rounded-lg 
border text-sm 
font-medium 
transition-all 
bg-white 
text-gray-600 
border-gray-200 hover
:bg-gray-50"[39m
                  [3
3mtype[39m=[32m"but
ton"[39m
                
[36m>[39m
                  
[0mGrade [0m
                  
[0mC[0m
                
[36m</button>[39m
              
[36m</div>[39m
            
[36m</div>[39m
            
[36m<div[39m
              [33mcl
ass[39m=[32m"space-
y-2"[39m
            
[36m>[39m
              
[36m<label[39m
                [33m
class[39m=[32m"bloc
k text-sm 
font-medium 
text-gray-700 flex 
items-center 
gap-2"[39m
              
[36m>[39m
                
[36m<svg[39m
                  [3
3maria-hidden[39m=[
32m"true"[39m
                  [3
3mclass[39m=[32m"lu
cide lucide-droplets 
h-4 w-4"[39m
                  [3
3mfill[39m=[32m"non
e"[39m
                  [3
3mheight[39m=[32m"2
4"[39m
                  [3
3mstroke[39m=[32m"c
urrentColor"[39m
                  [3
3mstroke-linecap[39m
=[32m"round"[39m
                  [3
3mstroke-linejoin[39
m=[32m"round"[39m
                  [3
3mstroke-width[39m=
[32m"2"[39m
                  [3
3mviewBox[39m=[32m"
0 0 24 24"[39m
                  [3
3mwidth[39m=[32m"24
"[39m
                  [3
3mxmlns[39m=[32m"ht
tp://www.w3.org/2000/
svg"[39m
                
[36m>[39m
                  
[36m<path[39m
                    
[33md[39m=[32m"M7 
16.3c2.2 0 4-1.83 
4-4.05 0-1.16-.57-2.2
6-1.71-3.19S7.29 
6.75 7 5.3c-.29 
1.45-1.14 2.84-2.29 
3.76S3 11.1 3 
12.25c0 2.22 1.8 
4.05 4 4.05z"[39m
                  
[36m/>[39m
                  
[36m<path[39m
                    
[33md[39m=[32m"M12.
56 6.6A10.97 10.97 0 
0 0 14 3.02c.5 2.5 2 
4.9 4 6.5s3 3.5 3 
5.5a6.98 6.98 0 0 
1-11.91 4.97"[39m
                  
[36m/>[39m
                
[36m</svg>[39m
                [0m 
Moisture Content 
(%)[0m
              
[36m</label>[39m
              
[36m<input[39m
                [33m
class[39m=[32m"w-fu
ll px-4 py-2 border 
border-gray-200 
rounded-xl 
focus:ring-2 focus:ri
ng-emerald-500"[39m
                [33m
step[39m=[32m"0.1"
[39m
                [33m
type[39m=[32m"numbe
r"[39m
                [33m
value[39m=[32m"12"
[39m
              
[36m/>[39m
            
[36m</div>[39m
            
[36m<div[39m
              [33mcl
ass[39m=[32m"space-
y-2"[39m
            
[36m>[39m
              
[36m<label[39m
                [33m
class[39m=[32m"bloc
k text-sm 
font-medium 
text-gray-700 flex 
items-center 
gap-2"[39m
              
[36m>[39m
                
[36m<svg[39m
                  [3
3maria-hidden[39m=[
32m"true"[39m
                  [3
3mclass[39m=[32m"lu
cide 
lucide-circle-alert 
h-4 w-4"[39m
                  [3
3mfill[39m=[32m"non
e"[39m
                  [3
3mheight[39m=[32m"2
4"[39m
                  [3
3mstroke[39m=[32m"c
urrentColor"[39m
                  [3
3mstroke-linecap[39m
=[32m"round"[39m
                  [3
3mstroke-linejoin[39
m=[32m"round"[39m
                  [3
3mstroke-width[39m=
[32m"2"[39m
                  [3
3mviewBox[39m=[32m"
0 0 24 24"[39m
                  [3
3mwidth[39m=[32m"24
"[39m
                  [3
3mxmlns[39m=[32m"ht
tp://www.w3.org/2000/
svg"[39m
                
[36m>[39m
                  
[36m<circle[39m
                    
[33mcx[39m=[32m"12"
[39m
                    
[33mcy[39m=[32m"12"
[39m
                    
[33mr[39m=[32m"10"
[39m
                  
[36m/>[39m
                  
[36m<line[39m
                    
[33mx1[39m=[32m"12"
[39m
                    
[33mx2[39m=[32m"12"
[39m
                    
[33my1[39m=[32m"8"
[39m
                    
[33my2[39m=[32m"12"
[39m
                  
[36m/>[39m
                  
[36m<line[39m
                    
[33mx1[39m=[32m"12"
[39m
                    
[33mx2[39m=[32m"12.
01"[39m
                    
[33my1[39m=[32m"16"
[39m
                    
[33my2[39m=[32m"16"
[39m
                  
[36m/>[39m
                
[36m</svg>[39m
                [0m 
Damage / Foreign 
Matter (%)[0m
              
[36m</label>[39m
              
[36m<input[39m
                [33m
class[39m=[32m"w-fu
ll px-4 py-2 border 
border-gray-200 
rounded-xl 
focus:ring-2 focus:ri
ng-emerald-500"[39m
                [33m
step[39m=[32m"0.1"
[39m
                [33m
type[39m=[32m"numbe
r"[39m
                [33m
value[39m=[32m"0"[
39m
              
[36m/>[39m
            
[36m</div>[39m
            
[36m<div[39m
              [33mcl
ass[39m=[32m"md:col
-span-2"[39m
            
[36m>[39m
              
[36m<button[39m
                [33m
class[39m=[32m"w-fu
ll py-3 
bg-emerald-600 
hover:bg-emerald-700 
text-white 
font-semibold 
rounded-xl 
transition-all 
shadow-lg 
hover:shadow-xl 
disabled:opacity-50 
flex items-center 
justify-center 
gap-2"[39m
                [33m
type[39m=[32m"submi
t"[39m
              
[36m>[39m
                
[36m<svg[39m
                  [3
3maria-hidden[39m=[
32m"true"[39m
                  [3
3mclass[39m=[32m"lu
cide 
lucide-dollar-sign 
h-5 w-5"[39m
                  [3
3mfill[39m=[32m"non
e"[39m
                  [3
3mheight[39m=[32m"2
4"[39m
                  [3
3mstroke[39m=[32m"c
urrentColor"[39m
                  [3
3mstroke-linecap[39m
=[32m"round"[39m
                  [3
3mstroke-linejoin[39
m=[32m"round"[39m
                  [3
3mstroke-width[39m=
[32m"2"[39m
                  [3
3mviewBox[39m=[32m"
0 0 24 24"[39m
                  [3
3mwidth[39m=[32m"24
"[39m
                  [3
3mxmlns[39m=[32m"ht
tp://www.w3.org/2000/
svg"[39m
                
[36m>[39m
                  
[36m<line[39m
                    
[33mx1[39m=[32m"12"
[39m
                    
[33mx2[39m=[32m"12"
[39m
                    
[33my1[39m=[32m"2"
[39m
                    
[33my2[39m=[32m"22"
[39m
                  
[36m/>[39m
                  
[36m<path[39m
                    
[33md[39m=[32m"M17 
5H9.5a3.5 3.5 0 0 0 
0 7h5a3.5 3.5 0 0 1 
0 7H6"[39m
                  
[36m/>[39m
                
[36m</svg>[39m
                [0m 
Calculate Suggested 
Price[0m
              
[36m</button>[39m
            
[36m</div>[39m
          
[36m</form>[39m
        
[36m</div>[39m
      
[36m</div>[39m
    [36m</body>[39m

    [0m [90m 24 
|[39m
     [90m 25 |[39m 
        [90m// 
Check for inputs[39m
    [31m[1m>[22m[
39m[90m 26 |[39m   
      expect(screen[
33m.[39mgetByLabelTe
xt([35m/Select Crop/
i[39m))[33m.[39mto
BeInTheDocument()[33
m;[39m
     [90m    |[39m 
                     
 [31m[1m^[22m[39m
     [90m 27 |[39m 
        expect(screen
[33m.[39mgetByText(
[32m'Grade A'[39m))
[33m.[39mtoBeInTheD
ocument()[33m;[39m
     [90m 28 |[39m 
        expect(screen
[33m.[39mgetByText(
[32m'Grade B'[39m))
[33m.[39mtoBeInTheD
ocument()[33m;[39m
     [90m 29 |[39m 
        expect(screen
[33m.[39mgetByText(
[32m'Grade C'[39m))
[33m.[39mtoBeInTheD
ocument()[33m;[39m
[0m

      at Object.getEl
ementError (node_modu
les/@testing-library/
dom/dist/config.js:37
:19)
      at 
getAllByLabelText (no
de_modules/@testing-l
ibrary/dom/dist/queri
es/label-text.js:108:
40)
      at node_modules
/@testing-library/dom
/dist/query-helpers.j
s:52:17
      at node_modules
/@testing-library/dom
/dist/query-helpers.j
s:95:19
      at 
getByLabelText (src/c
omponents/QualityPric
eCalculator.test.jsx:
26:23)
      at 
Generator.call (src/c
omponents/QualityPric
eCalculator.test.jsx:
2:1)
      at 
Generator._invoke 
[as next] (src/compon
ents/QualityPriceCalc
ulator.test.jsx:2:1)
      at 
asyncGeneratorStep (s
rc/components/Quality
PriceCalculator.test.
jsx:2:1)
      at 
asyncGeneratorStep (s
rc/components/Quality
PriceCalculator.test.
jsx:2:1)
      at _next (src/c
omponents/QualityPric
eCalculator.test.jsx:
2:1)
      at 
Object.<anonymous> (s
rc/components/Quality
PriceCalculator.test.
jsx:2:1)

  ΓùÅ QualityPriceCal
culator Component 
ΓÇ║ fetches crops on 
mount

    TestingLibraryEle
mentError: Found a 
label with the text 
of: /Select Crop/i, 
however no form 
control was found 
associated to that 
label. Make sure 
you're using the 
"for" attribute or 
"aria-labelledby" 
attribute correctly.

    Ignored nodes: 
comments, script, 
style
    [36m<body>[39m
      [36m<div>[39m
        
[36m<div[39m
          [33mclass
[39m=[32m"bg-white 
rounded-2xl p-6 
shadow-sm border 
border-gray-100"[39m
        [36m>[39m
          
[36m<div[39m
            [33mclas
s[39m=[32m"flex 
items-center gap-3 
mb-6"[39m
          [36m>[39m
            
[36m<div[39m
              [33mcl
ass[39m=[32m"p-2 
bg-emerald-100 
rounded-lg"[39m
            
[36m>[39m
              
[36m<svg[39m
                [33m
aria-hidden[39m=[32
m"true"[39m
                [33m
class[39m=[32m"luci
de lucide-award h-6 
w-6 text-emerald-600"
[39m
                [33m
fill[39m=[32m"none"
[39m
                [33m
height[39m=[32m"24"
[39m
                [33m
stroke[39m=[32m"cur
rentColor"[39m
                [33m
stroke-linecap[39m=
[32m"round"[39m
                [33m
stroke-linejoin[39m=
[32m"round"[39m
                [33m
stroke-width[39m=[3
2m"2"[39m
                [33m
viewBox[39m=[32m"0 
0 24 24"[39m
                [33m
width[39m=[32m"24"
[39m
                [33m
xmlns[39m=[32m"http
://www.w3.org/2000/sv
g"[39m
              
[36m>[39m
                
[36m<path[39m
                  [3
3md[39m=[32m"m15.47
7 12.89 1.515 
8.526a.5.5 0 0 1-.81.
47l-3.58-2.687a1 1 0 
0 0-1.197 0l-3.586 
2.686a.5.5 0 0 1-.81-
.469l1.514-8.526"[39
m
                
[36m/>[39m
                
[36m<circle[39m
                  [3
3mcx[39m=[32m"12"[
39m
                  [3
3mcy[39m=[32m"8"[3
9m
                  [3
3mr[39m=[32m"6"[39
m
                
[36m/>[39m
              
[36m</svg>[39m
            
[36m</div>[39m
            
[36m<div>[39m
              
[36m<h3[39m
                [33m
class[39m=[32m"text
-lg font-bold 
text-gray-800"[39m
              
[36m>[39m
                
[0mQuality-Based 
Price Calculator[0m
              
[36m</h3>[39m
              
[36m<p[39m
                [33m
class[39m=[32m"text
-sm 
text-gray-500"[39m
              
[36m>[39m
                
[0mGet a fair price 
estimate based on 
your crop's 
quality[0m
              
[36m</p>[39m
            
[36m</div>[39m
          
[36m</div>[39m
          
[36m<form[39m
            [33mclas
s[39m=[32m"grid 
grid-cols-1 
md:grid-cols-2 
gap-6"[39m
          [36m>[39m
            
[36m<div[39m
              [33mcl
ass[39m=[32m"space-
y-2"[39m
            
[36m>[39m
              
[36m<label[39m
                [33m
class[39m=[32m"bloc
k text-sm 
font-medium 
text-gray-700"[39m
              
[36m>[39m
                
[0mSelect Crop[0m
              
[36m</label>[39m
              
[36m<div[39m
                [33m
class[39m=[32m"rela
tive"[39m
              
[36m>[39m
                
[36m<svg[39m
                  [3
3maria-hidden[39m=[
32m"true"[39m
                  [3
3mclass[39m=[32m"lu
cide lucide-leaf 
absolute left-3 
top-3 h-4 w-4 
text-gray-400"[39m
                  [3
3mfill[39m=[32m"non
e"[39m
                  [3
3mheight[39m=[32m"2
4"[39m
                  [3
3mstroke[39m=[32m"c
urrentColor"[39m
                  [3
3mstroke-linecap[39m
=[32m"round"[39m
                  [3
3mstroke-linejoin[39
m=[32m"round"[39m
                  [3
3mstroke-width[39m=
[32m"2"[39m
                  [3
3mviewBox[39m=[32m"
0 0 24 24"[39m
                  [3
3mwidth[39m=[32m"24
"[39m
                  [3
3mxmlns[39m=[32m"ht
tp://www.w3.org/2000/
svg"[39m
                
[36m>[39m
                  
[36m<path[39m
                    
[33md[39m=[32m"M11 
20A7 7 0 0 1 9.8 
6.1C15.5 5 17 4.48 
19 2c1 2 2 4.18 2 8 
0 5.5-4.78 10-10 
10Z"[39m
                  
[36m/>[39m
                  
[36m<path[39m
                    
[33md[39m=[32m"M2 
21c0-3 1.85-5.36 
5.08-6C9.5 14.52 12 
13 13 12"[39m
                  
[36m/>[39m
                
[36m</svg>[39m
                
[36m<select[39m
                  [3
3mclass[39m=[32m"w-
full pl-10 pr-4 py-2 
border 
border-gray-200 
rounded-xl 
focus:ring-2 focus:ri
ng-emerald-500 focus:
border-emerald-500 
transition-all"[39m
                
[36m>[39m
                  
[36m<option[39m
                    
[33mvalue[39m=[32m"
Wheat"[39m
                  
[36m>[39m
                    
[0mWheat[0m
                  
[36m</option>[39m
                  
[36m<option[39m
                    
[33mvalue[39m=[32m"
Rice"[39m
                  
[36m>[39m
                    
[0mRice[0m
                  
[36m</option>[39m
                  
[36m<option[39m
                    
[33mvalue[39m=[32m"
Corn"[39m
                  
[36m>[39m
                    
[0mCorn[0m
                  
[36m</option>[39m
                
[36m</select>[39m
              
[36m</div>[39m
            
[36m</div>[39m
            
[36m<div[39m
              [33mcl
ass[39m=[32m"space-
y-2"[39m
            
[36m>[39m
              
[36m<label[39m
                [33m
class[39m=[32m"bloc
k text-sm 
font-medium 
text-gray-700"[39m
              
[36m>[39m
                
[0mQuality Grade[0m
              
[36m</label>[39m
              
[36m<div[39m
                [33m
class[39m=[32m"grid
 grid-cols-3 
gap-2"[39m
              
[36m>[39m
                
[36m<button[39m
                  [3
3mclass[39m=[32m"py
-2 px-3 rounded-lg 
border text-sm 
font-medium 
transition-all 
bg-white 
text-gray-600 
border-gray-200 hover
:bg-gray-50"[39m
                  [3
3mtype[39m=[32m"but
ton"[39m
                
[36m>[39m
                  
[0mGrade [0m
                  
[0mA[0m
                
[36m</button>[39m
                
[36m<button[39m
                  [3
3mclass[39m=[32m"py
-2 px-3 rounded-lg 
border text-sm 
font-medium 
transition-all 
bg-emerald-600 
text-white 
border-emerald-600 
shadow-md"[39m
                  [3
3mtype[39m=[32m"but
ton"[39m
                
[36m>[39m
                  
[0mGrade [0m
                  
[0mB[0m
                
[36m</button>[39m
                
[36m<button[39m
                  [3
3mclass[39m=[32m"py
-2 px-3 rounded-lg 
border text-sm 
font-medium 
transition-all 
bg-white 
text-gray-600 
border-gray-200 hover
:bg-gray-50"[39m
                  [3
3mtype[39m=[32m"but
ton"[39m
                
[36m>[39m
                  
[0mGrade [0m
                  
[0mC[0m
                
[36m</button>[39m
              
[36m</div>[39m
            
[36m</div>[39m
            
[36m<div[39m
              [33mcl
ass[39m=[32m"space-
y-2"[39m
            
[36m>[39m
              
[36m<label[39m
                [33m
class[39m=[32m"bloc
k text-sm 
font-medium 
text-gray-700 flex 
items-center 
gap-2"[39m
              
[36m>[39m
                
[36m<svg[39m
                  [3
3maria-hidden[39m=[
32m"true"[39m
                  [3
3mclass[39m=[32m"lu
cide lucide-droplets 
h-4 w-4"[39m
                  [3
3mfill[39m=[32m"non
e"[39m
                  [3
3mheight[39m=[32m"2
4"[39m
                  [3
3mstroke[39m=[32m"c
urrentColor"[39m
                  [3
3mstroke-linecap[39m
=[32m"round"[39m
                  [3
3mstroke-linejoin[39
m=[32m"round"[39m
                  [3
3mstroke-width[39m=
[32m"2"[39m
                  [3
3mviewBox[39m=[32m"
0 0 24 24"[39m
                  [3
3mwidth[39m=[32m"24
"[39m
                  [3
3mxmlns[39m=[32m"ht
tp://www.w3.org/2000/
svg"[39m
                
[36m>[39m
                  
[36m<path[39m
                    
[33md[39m=[32m"M7 
16.3c2.2 0 4-1.83 
4-4.05 0-1.16-.57-2.2
6-1.71-3.19S7.29 
6.75 7 5.3c-.29 
1.45-1.14 2.84-2.29 
3.76S3 11.1 3 
12.25c0 2.22 1.8 
4.05 4 4.05z"[39m
                  
[36m/>[39m
                  
[36m<path[39m
                    
[33md[39m=[32m"M12.
56 6.6A10.97 10.97 0 
0 0 14 3.02c.5 2.5 2 
4.9 4 6.5s3 3.5 3 
5.5a6.98 6.98 0 0 
1-11.91 4.97"[39m
                  
[36m/>[39m
                
[36m</svg>[39m
                [0m 
Moisture Content 
(%)[0m
              
[36m</label>[39m
              
[36m<input[39m
                [33m
class[39m=[32m"w-fu
ll px-4 py-2 border 
border-gray-200 
rounded-xl 
focus:ring-2 focus:ri
ng-emerald-500"[39m
                [33m
step[39m=[32m"0.1"
[39m
                [33m
type[39m=[32m"numbe
r"[39m
                [33m
value[39m=[32m"12"
[39m
              
[36m/>[39m
            
[36m</div>[39m
            
[36m<div[39m
              [33mcl
ass[39m=[32m"space-
y-2"[39m
            
[36m>[39m
              
[36m<label[39m
                [33m
class[39m=[32m"bloc
k text-sm 
font-medium 
text-gray-700 flex 
items-center 
gap-2"[39m
              
[36m>[39m
                
[36m<svg[39m
                  [3
3maria-hidden[39m=[
32m"true"[39m
                  [3
3mclass[39m=[32m"lu
cide 
lucide-circle-alert 
h-4 w-4"[39m
                  [3
3mfill[39m=[32m"non
e"[39m
                  [3
3mheight[39m=[32m"2
4"[39m
                  [3
3mstroke[39m=[32m"c
urrentColor"[39m
                  [3
3mstroke-linecap[39m
=[32m"round"[39m
                  [3
3mstroke-linejoin[39
m=[32m"round"[39m
                  [3
3mstroke-width[39m=
[32m"2"[39m
                  [3
3mviewBox[39m=[32m"
0 0 24 24"[39m
                  [3
3mwidth[39m=[32m"24
"[39m
                  [3
3mxmlns[39m=[32m"ht
tp://www.w3.org/2000/
svg"[39m
                
[36m>[39m
                  
[36m<circle[39m
                    
[33mcx[39m=[32m"12"
[39m
                    
[33mcy[39m=[32m"12"
[39m
                    
[33mr[39m=[32m"10"
[39m
                  
[36m/>[39m
                  
[36m<line[39m
                    
[33mx1[39m=[32m"12"
[39m
                    
[33mx2[39m=[32m"12"
[39m
                    
[33my1[39m=[32m"8"
[39m
                    
[33my2[39m=[32m"12"
[39m
                  
[36m/>[39m
                  
[36m<line[39m
                    
[33mx1[39m=[32m"12"
[39m
                    
[33mx2[39m=[32m"12.
01"[39m
                    
[33my1[39m=[32m"16"
[39m
                    
[33my2[39m=[32m"16"
[39m
                  
[36m/>[39m
                
[36m</svg>[39m
                [0m 
Damage / Foreign 
Matter (%)[0m
              
[36m</label>[39m
              
[36m<input[39m
                [33m
class[39m=[32m"w-fu
ll px-4 py-2 border 
border-gray-200 
rounded-xl 
focus:ring-2 focus:ri
ng-emerald-500"[39m
                [33m
step[39m=[32m"0.1"
[39m
                [33m
type[39m=[32m"numbe
r"[39m
                [33m
value[39m=[32m"0"[
39m
              
[36m/>[39m
            
[36m</div>[39m
            
[36m<div[39m
              [33mcl
ass[39m=[32m"md:col
-span-2"[39m
            
[36m>[39m
              
[36m<button[39m
                [33m
class[39m=[32m"w-fu
ll py-3 
bg-emerald-600 
hover:bg-emerald-700 
text-white 
font-semibold 
rounded-xl 
transition-all 
shadow-lg 
hover:shadow-xl 
disabled:opacity-50 
flex items-center 
justify-center 
gap-2"[39m
                [33m
type[39m=[32m"submi
t"[39m
              
[36m>[39m
                
[36m<svg[39m
                  [3
3maria-hidden[39m=[
32m"true"[39m
                  [3
3mclass[39m=[32m"lu
cide 
lucide-dollar-sign 
h-5 w-5"[39m
                  [3
3mfill[39m=[32m"non
e"[39m
                  [3
3mheight[39m=[32m"2
4"[39m
                  [3
3mstroke[39m=[32m"c
urrentColor"[39m
                  [3
3mstroke-linecap[39m
=[32m"round"[39m
                  [3
3mstroke-linejoin[39
m=[32m"round"[39m
                  [3
3mstroke-width[39m=
[32m"2"[39m
                  [3
3mviewBox[39m=[32m"
0 0 24 24"[39m
                  [3
3mwidth[39m=[32m"24
"[39m
                  [3
3mxmlns[39m=[32m"ht
tp://www.w3.org/2000/
svg"[39m
                
[36m>[39m
                  
[36m<line[39m
                    
[33mx1[39m=[32m"12"
[39m
                    
[33mx2[39m=[32m"12"
[39m
                    
[33my1[39m=[32m"2"
[39m
                    
[33my2[39m=[32m"22"
[39m
                  
[36m/>[39m
                  
[36m<path[39m
                    
[33md[39m=[32m"M17 
5H9.5a3.5 3.5 0 0 0 
0 7h5a3.5 3.5 0 0 1 
0 7H6"[39m
                  
[36m/>[39m
                
[36m</svg>[39m
                [0m 
Calculate Suggested 
Price[0m
              
[36m</button>[39m
            
[36m</div>[39m
          
[36m</form>[39m
        
[36m</div>[39m
      
[36m</div>[39m
    [36m</body>[39m

    [0m [90m 48 
|[39m
     [90m 49 |[39m 
        [90m// 
Verify options are 
populated[39m
    [31m[1m>[22m[
39m[90m 50 |[39m   
      
[36mconst[39m 
cropSelect 
[33m=[39m screen[3
3m.[39mgetByLabelTex
t([35m/Select Crop/i
[39m)[33m;[39m
     [90m    |[39m 
                     
             
[31m[1m^[22m[39m
     [90m 51 |[39m 
        
[36mawait[39m 
waitFor(() 
[33m=>[39m {
     [90m 52 |[39m 
            expect(cr
opSelect)[33m.[39mt
oHaveTextContent([32
m'Wheat'[39m)[33m;
[39m
     [90m 53 |[39m 
            expect(cr
opSelect)[33m.[39mt
oHaveTextContent([32
m'Rice'[39m)[33m;[
39m[0m

      at Object.getEl
ementError (node_modu
les/@testing-library/
dom/dist/config.js:37
:19)
      at 
getAllByLabelText (no
de_modules/@testing-l
ibrary/dom/dist/queri
es/label-text.js:108:
40)
      at node_modules
/@testing-library/dom
/dist/query-helpers.j
s:52:17
      at node_modules
/@testing-library/dom
/dist/query-helpers.j
s:95:19
      at 
getByLabelText (src/c
omponents/QualityPric
eCalculator.test.jsx:
50:35)
      at 
Generator.call (src/c
omponents/QualityPric
eCalculator.test.jsx:
2:1)
      at 
Generator._invoke 
[as next] (src/compon
ents/QualityPriceCalc
ulator.test.jsx:2:1)
      at 
asyncGeneratorStep (s
rc/components/Quality
PriceCalculator.test.
jsx:2:1)
      at 
asyncGeneratorStep (s
rc/components/Quality
PriceCalculator.test.
jsx:2:1)

  ΓùÅ QualityPriceCal
culator Component 
ΓÇ║ updates form 
inputs

    TestingLibraryEle
mentError: Found a 
label with the text 
of: /Moisture 
Content/i, however 
no form control was 
found associated to 
that label. Make 
sure you're using 
the "for" attribute 
or "aria-labelledby" 
attribute correctly.

    Ignored nodes: 
comments, script, 
style
    [36m<body>[39m
      [36m<div>[39m
        
[36m<div[39m
          [33mclass
[39m=[32m"bg-white 
rounded-2xl p-6 
shadow-sm border 
border-gray-100"[39m
        [36m>[39m
          
[36m<div[39m
            [33mclas
s[39m=[32m"flex 
items-center gap-3 
mb-6"[39m
          [36m>[39m
            
[36m<div[39m
              [33mcl
ass[39m=[32m"p-2 
bg-emerald-100 
rounded-lg"[39m
            
[36m>[39m
              
[36m<svg[39m
                [33m
aria-hidden[39m=[32
m"true"[39m
                [33m
class[39m=[32m"luci
de lucide-award h-6 
w-6 text-emerald-600"
[39m
                [33m
fill[39m=[32m"none"
[39m
                [33m
height[39m=[32m"24"
[39m
                [33m
stroke[39m=[32m"cur
rentColor"[39m
                [33m
stroke-linecap[39m=
[32m"round"[39m
                [33m
stroke-linejoin[39m=
[32m"round"[39m
                [33m
stroke-width[39m=[3
2m"2"[39m
                [33m
viewBox[39m=[32m"0 
0 24 24"[39m
                [33m
width[39m=[32m"24"
[39m
                [33m
xmlns[39m=[32m"http
://www.w3.org/2000/sv
g"[39m
              
[36m>[39m
                
[36m<path[39m
                  [3
3md[39m=[32m"m15.47
7 12.89 1.515 
8.526a.5.5 0 0 1-.81.
47l-3.58-2.687a1 1 0 
0 0-1.197 0l-3.586 
2.686a.5.5 0 0 1-.81-
.469l1.514-8.526"[39
m
                
[36m/>[39m
                
[36m<circle[39m
                  [3
3mcx[39m=[32m"12"[
39m
                  [3
3mcy[39m=[32m"8"[3
9m
                  [3
3mr[39m=[32m"6"[39
m
                
[36m/>[39m
              
[36m</svg>[39m
            
[36m</div>[39m
            
[36m<div>[39m
              
[36m<h3[39m
                [33m
class[39m=[32m"text
-lg font-bold 
text-gray-800"[39m
              
[36m>[39m
                
[0mQuality-Based 
Price Calculator[0m
              
[36m</h3>[39m
              
[36m<p[39m
                [33m
class[39m=[32m"text
-sm 
text-gray-500"[39m
              
[36m>[39m
                
[0mGet a fair price 
estimate based on 
your crop's 
quality[0m
              
[36m</p>[39m
            
[36m</div>[39m
          
[36m</div>[39m
          
[36m<form[39m
            [33mclas
s[39m=[32m"grid 
grid-cols-1 
md:grid-cols-2 
gap-6"[39m
          [36m>[39m
            
[36m<div[39m
              [33mcl
ass[39m=[32m"space-
y-2"[39m
            
[36m>[39m
              
[36m<label[39m
                [33m
class[39m=[32m"bloc
k text-sm 
font-medium 
text-gray-700"[39m
              
[36m>[39m
                
[0mSelect Crop[0m
              
[36m</label>[39m
              
[36m<div[39m
                [33m
class[39m=[32m"rela
tive"[39m
              
[36m>[39m
                
[36m<svg[39m
                  [3
3maria-hidden[39m=[
32m"true"[39m
                  [3
3mclass[39m=[32m"lu
cide lucide-leaf 
absolute left-3 
top-3 h-4 w-4 
text-gray-400"[39m
                  [3
3mfill[39m=[32m"non
e"[39m
                  [3
3mheight[39m=[32m"2
4"[39m
                  [3
3mstroke[39m=[32m"c
urrentColor"[39m
                  [3
3mstroke-linecap[39m
=[32m"round"[39m
                  [3
3mstroke-linejoin[39
m=[32m"round"[39m
                  [3
3mstroke-width[39m=
[32m"2"[39m
                  [3
3mviewBox[39m=[32m"
0 0 24 24"[39m
                  [3
3mwidth[39m=[32m"24
"[39m
                  [3
3mxmlns[39m=[32m"ht
tp://www.w3.org/2000/
svg"[39m
                
[36m>[39m
                  
[36m<path[39m
                    
[33md[39m=[32m"M11 
20A7 7 0 0 1 9.8 
6.1C15.5 5 17 4.48 
19 2c1 2 2 4.18 2 8 
0 5.5-4.78 10-10 
10Z"[39m
                  
[36m/>[39m
                  
[36m<path[39m
                    
[33md[39m=[32m"M2 
21c0-3 1.85-5.36 
5.08-6C9.5 14.52 12 
13 13 12"[39m
                  
[36m/>[39m
                
[36m</svg>[39m
                
[36m<select[39m
                  [3
3mclass[39m=[32m"w-
full pl-10 pr-4 py-2 
border 
border-gray-200 
rounded-xl 
focus:ring-2 focus:ri
ng-emerald-500 focus:
border-emerald-500 
transition-all"[39m
                
[36m>[39m
                  
[36m<option[39m
                    
[33mvalue[39m=[32m"
Wheat"[39m
                  
[36m>[39m
                    
[0mWheat[0m
                  
[36m</option>[39m
                
[36m</select>[39m
              
[36m</div>[39m
            
[36m</div>[39m
            
[36m<div[39m
              [33mcl
ass[39m=[32m"space-
y-2"[39m
            
[36m>[39m
              
[36m<label[39m
                [33m
class[39m=[32m"bloc
k text-sm 
font-medium 
text-gray-700"[39m
              
[36m>[39m
                
[0mQuality Grade[0m
              
[36m</label>[39m
              
[36m<div[39m
                [33m
class[39m=[32m"grid
 grid-cols-3 
gap-2"[39m
              
[36m>[39m
                
[36m<button[39m
                  [3
3mclass[39m=[32m"py
-2 px-3 rounded-lg 
border text-sm 
font-medium 
transition-all 
bg-white 
text-gray-600 
border-gray-200 hover
:bg-gray-50"[39m
                  [3
3mtype[39m=[32m"but
ton"[39m
                
[36m>[39m
                  
[0mGrade [0m
                  
[0mA[0m
                
[36m</button>[39m
                
[36m<button[39m
                  [3
3mclass[39m=[32m"py
-2 px-3 rounded-lg 
border text-sm 
font-medium 
transition-all 
bg-emerald-600 
text-white 
border-emerald-600 
shadow-md"[39m
                  [3
3mtype[39m=[32m"but
ton"[39m
                
[36m>[39m
                  
[0mGrade [0m
                  
[0mB[0m
                
[36m</button>[39m
                
[36m<button[39m
                  [3
3mclass[39m=[32m"py
-2 px-3 rounded-lg 
border text-sm 
font-medium 
transition-all 
bg-white 
text-gray-600 
border-gray-200 hover
:bg-gray-50"[39m
                  [3
3mtype[39m=[32m"but
ton"[39m
                
[36m>[39m
                  
[0mGrade [0m
                  
[0mC[0m
                
[36m</button>[39m
              
[36m</div>[39m
            
[36m</div>[39m
            
[36m<div[39m
              [33mcl
ass[39m=[32m"space-
y-2"[39m
            
[36m>[39m
              
[36m<label[39m
                [33m
class[39m=[32m"bloc
k text-sm 
font-medium 
text-gray-700 flex 
items-center 
gap-2"[39m
              
[36m>[39m
                
[36m<svg[39m
                  [3
3maria-hidden[39m=[
32m"true"[39m
                  [3
3mclass[39m=[32m"lu
cide lucide-droplets 
h-4 w-4"[39m
                  [3
3mfill[39m=[32m"non
e"[39m
                  [3
3mheight[39m=[32m"2
4"[39m
                  [3
3mstroke[39m=[32m"c
urrentColor"[39m
                  [3
3mstroke-linecap[39m
=[32m"round"[39m
                  [3
3mstroke-linejoin[39
m=[32m"round"[39m
                  [3
3mstroke-width[39m=
[32m"2"[39m
                  [3
3mviewBox[39m=[32m"
0 0 24 24"[39m
                  [3
3mwidth[39m=[32m"24
"[39m
                  [3
3mxmlns[39m=[32m"ht
tp://www.w3.org/2000/
svg"[39m
                
[36m>[39m
                  
[36m<path[39m
                    
[33md[39m=[32m"M7 
16.3c2.2 0 4-1.83 
4-4.05 0-1.16-.57-2.2
6-1.71-3.19S7.29 
6.75 7 5.3c-.29 
1.45-1.14 2.84-2.29 
3.76S3 11.1 3 
12.25c0 2.22 1.8 
4.05 4 4.05z"[39m
                  
[36m/>[39m
                  
[36m<path[39m
                    
[33md[39m=[32m"M12.
56 6.6A10.97 10.97 0 
0 0 14 3.02c.5 2.5 2 
4.9 4 6.5s3 3.5 3 
5.5a6.98 6.98 0 0 
1-11.91 4.97"[39m
                  
[36m/>[39m
                
[36m</svg>[39m
                [0m 
Moisture Content 
(%)[0m
              
[36m</label>[39m
              
[36m<input[39m
                [33m
class[39m=[32m"w-fu
ll px-4 py-2 border 
border-gray-200 
rounded-xl 
focus:ring-2 focus:ri
ng-emerald-500"[39m
                [33m
step[39m=[32m"0.1"
[39m
                [33m
type[39m=[32m"numbe
r"[39m
                [33m
value[39m=[32m"12"
[39m
              
[36m/>[39m
            
[36m</div>[39m
            
[36m<div[39m
              [33mcl
ass[39m=[32m"space-
y-2"[39m
            
[36m>[39m
              
[36m<label[39m
                [33m
class[39m=[32m"bloc
k text-sm 
font-medium 
text-gray-700 flex 
items-center 
gap-2"[39m
              
[36m>[39m
                
[36m<svg[39m
                  [3
3maria-hidden[39m=[
32m"true"[39m
                  [3
3mclass[39m=[32m"lu
cide 
lucide-circle-alert 
h-4 w-4"[39m
                  [3
3mfill[39m=[32m"non
e"[39m
                  [3
3mheight[39m=[32m"2
4"[39m
                  [3
3mstroke[39m=[32m"c
urrentColor"[39m
                  [3
3mstroke-linecap[39m
=[32m"round"[39m
                  [3
3mstroke-linejoin[39
m=[32m"round"[39m
                  [3
3mstroke-width[39m=
[32m"2"[39m
                  [3
3mviewBox[39m=[32m"
0 0 24 24"[39m
                  [3
3mwidth[39m=[32m"24
"[39m
                  [3
3mxmlns[39m=[32m"ht
tp://www.w3.org/2000/
svg"[39m
                
[36m>[39m
                  
[36m<circle[39m
                    
[33mcx[39m=[32m"12"
[39m
                    
[33mcy[39m=[32m"12"
[39m
                    
[33mr[39m=[32m"10"
[39m
                  
[36m/>[39m
                  
[36m<line[39m
                    
[33mx1[39m=[32m"12"
[39m
                    
[33mx2[39m=[32m"12"
[39m
                    
[33my1[39m=[32m"8"
[39m
                    
[33my2[39m=[32m"12"
[39m
                  
[36m/>[39m
                  
[36m<line[39m
                    
[33mx1[39m=[32m"12"
[39m
                    
[33mx2[39m=[32m"12.
01"[39m
                    
[33my1[39m=[32m"16"
[39m
                    
[33my2[39m=[32m"16"
[39m
                  
[36m/>[39m
                
[36m</svg>[39m
                [0m 
Damage / Foreign 
Matter (%)[0m
              
[36m</label>[39m
              
[36m<input[39m
                [33m
class[39m=[32m"w-fu
ll px-4 py-2 border 
border-gray-200 
rounded-xl 
focus:ring-2 focus:ri
ng-emerald-500"[39m
                [33m
step[39m=[32m"0.1"
[39m
                [33m
type[39m=[32m"numbe
r"[39m
                [33m
value[39m=[32m"0"[
39m
              
[36m/>[39m
            
[36m</div>[39m
            
[36m<div[39m
              [33mcl
ass[39m=[32m"md:col
-span-2"[39m
            
[36m>[39m
              
[36m<button[39m
                [33m
class[39m=[32m"w-fu
ll py-3 
bg-emerald-600 
hover:bg-emerald-700 
text-white 
font-semibold 
rounded-xl 
transition-all 
shadow-lg 
hover:shadow-xl 
disabled:opacity-50 
flex items-center 
justify-center 
gap-2"[39m
                [33m
type[39m=[32m"submi
t"[39m
              
[36m>[39m
                
[36m<svg[39m
                  [3
3maria-hidden[39m=[
32m"true"[39m
                  [3
3mclass[39m=[32m"lu
cide 
lucide-dollar-sign 
h-5 w-5"[39m
                  [3
3mfill[39m=[32m"non
e"[39m
                  [3
3mheight[39m=[32m"2
4"[39m
                  [3
3mstroke[39m=[32m"c
urrentColor"[39m
                  [3
3mstroke-linecap[39m
=[32m"round"[39m
                  [3
3mstroke-linejoin[39
m=[32m"round"[39m
                  [3
3mstroke-width[39m=
[32m"2"[39m
                  [3
3mviewBox[39m=[32m"
0 0 24 24"[39m
                  [3
3mwidth[39m=[32m"24
"[39m
                  [3
3mxmlns[39m=[32m"ht
tp://www.w3.org/2000/
svg"[39m
                
[36m>[39m
                  
[36m<line[39m
                    
[33mx1[39m=[32m"12"
[39m
                    
[33mx2[39m=[32m"12"
[39m
                    
[33my1[39m=[32m"2"
[39m
                    
[33my2[39m=[32m"22"
[39m
                  
[36m/>[39m
                  
[36m<path[39m
                    
[33md[39m=[32m"M17 
5H9.5a3.5 3.5 0 0 0 
0 7h5a3.5 3.5 0 0 1 
0 7H6"[39m
                  
[36m/>[39m
                
[36m</svg>[39m
                [0m 
Calculate Suggested 
Price[0m
              
[36m</button>[39m
            
[36m</div>[39m
          
[36m</form>[39m
        
[36m</div>[39m
      
[36m</div>[39m
    [36m</body>[39m

    [0m [90m 68 
|[39m
     [90m 69 |[39m 
        [90m// 
Change Moisture[39m
    [31m[1m>[22m[
39m[90m 70 |[39m   
      
[36mconst[39m 
moistureInput 
[33m=[39m screen[3
3m.[39mgetByLabelTex
t([35m/Moisture Cont
ent/i[39m)[33m;[39
m
     [90m    |[39m 
                     
                
[31m[1m^[22m[39m
     [90m 71 |[39m 
        fireEvent[33
m.[39mchange(moistur
eInput[33m,[39m { 
target[33m:[39m { 
value[33m:[39m 
[32m'14'[39m } 
})[33m;[39m
     [90m 72 |[39m 
        expect(moistu
reInput[33m.[39mval
ue)[33m.[39mtoBe([
32m'14'[39m)[33m;[
39m
     [90m 73 
|[39m[0m

      at Object.getEl
ementError (node_modu
les/@testing-library/
dom/dist/config.js:37
:19)
      at 
getAllByLabelText (no
de_modules/@testing-l
ibrary/dom/dist/queri
es/label-text.js:108:
40)
      at node_modules
/@testing-library/dom
/dist/query-helpers.j
s:52:17
      at node_modules
/@testing-library/dom
/dist/query-helpers.j
s:95:19
      at 
getByLabelText (src/c
omponents/QualityPric
eCalculator.test.jsx:
70:38)
      at 
Generator.call (src/c
omponents/QualityPric
eCalculator.test.jsx:
2:1)
      at 
Generator._invoke 
[as next] (src/compon
ents/QualityPriceCalc
ulator.test.jsx:2:1)
      at 
asyncGeneratorStep (s
rc/components/Quality
PriceCalculator.test.
jsx:2:1)
      at 
asyncGeneratorStep (s
rc/components/Quality
PriceCalculator.test.
jsx:2:1)

FAIL src/components/M
arketPrices.test.jsx
  ΓùÅ Console

    console.error
      An update to 
MarketPrices inside 
a test was not 
wrapped in act(...).
      
      When testing, 
code that causes 
React state updates 
should be wrapped 
into act(...):
      
      act(() => {
        /* fire 
events that update 
state */
      });
      /* assert on 
the output */
      
      This ensures 
that you're testing 
the behavior the 
user would see in 
the browser. Learn 
more at https://react
.dev/link/wrap-tests-
with-act

    [0m [90m 68 
|[39m       
[36mconst[39m res 
[33m=[39m 
[36mawait[39m fetch
([32m'http://localho
st:5001/api/market/pr
ices'[39m)[33m;[39
m
     [90m 69 |[39m 
      
[36mconst[39m data 
[33m=[39m 
[36mawait[39m res[
33m.[39mjson()[33m;
[39m
    [31m[1m>[22m[
39m[90m 70 |[39m   
    setMarketPrices(d
ata)[33m;[39m
     [90m    |[39m 
      
[31m[1m^[22m[39m
     [90m 71 |[39m 
    } 
[36mcatch[39m 
(err) {
     [90m 72 |[39m 
      console[33m.[
39merror([32m"Failed
 to fetch prices"[39
m[33m,[39m 
err)[33m;[39m
     [90m 73 |[39m 
    } 
[36mfinally[39m 
{[0m

      at node_modules
/react-dom/cjs/react-
dom-client.developmen
t.js:18758:19
      at 
runWithFiberInDEV (no
de_modules/react-dom/
cjs/react-dom-client.
development.js:874:13
)
      at warnIfUpdate
sNotWrappedWithActDEV
 (node_modules/react-
dom/cjs/react-dom-cli
ent.development.js:18
757:9)
      at scheduleUpda
teOnFiber (node_modul
es/react-dom/cjs/reac
t-dom-client.developm
ent.js:16409:11)
      at dispatchSetS
tateInternal (node_mo
dules/react-dom/cjs/r
eact-dom-client.devel
opment.js:9170:13)
      at 
dispatchSetState (nod
e_modules/react-dom/c
js/react-dom-client.d
evelopment.js:9127:7)
      at 
setMarketPrices (src/
components/MarketPric
es.jsx:70:7)
      at 
Generator.call (src/c
omponents/MarketPrice
s.jsx:2:1)
      at 
Generator._invoke 
[as next] (src/compon
ents/MarketPrices.jsx
:2:1)
      at 
asyncGeneratorStep (s
rc/components/MarketP
rices.jsx:2:1)
      at 
asyncGeneratorStep (s
rc/components/MarketP
rices.jsx:2:1)

    console.error
      An update to 
MarketPrices inside 
a test was not 
wrapped in act(...).
      
      When testing, 
code that causes 
React state updates 
should be wrapped 
into act(...):
      
      act(() => {
        /* fire 
events that update 
state */
      });
      /* assert on 
the output */
      
      This ensures 
that you're testing 
the behavior the 
user would see in 
the browser. Learn 
more at https://react
.dev/link/wrap-tests-
with-act

    [0m [90m 72 
|[39m       console
[33m.[39merror([32m
"Failed to fetch pric
es"[39m[33m,[39m 
err)[33m;[39m
     [90m 73 |[39m 
    } 
[36mfinally[39m {
    [31m[1m>[22m[
39m[90m 74 |[39m   
    setLoadingPrices(
[36mfalse[39m)[33m
;[39m
     [90m    |[39m 
      
[31m[1m^[22m[39m
     [90m 75 |[39m 
    }
     [90m 76 |[39m 
  }[33m;[39m
     [90m 77 
|[39m[0m

      at node_modules
/react-dom/cjs/react-
dom-client.developmen
t.js:18758:19
      at 
runWithFiberInDEV (no
de_modules/react-dom/
cjs/react-dom-client.
development.js:874:13
)
      at warnIfUpdate
sNotWrappedWithActDEV
 (node_modules/react-
dom/cjs/react-dom-cli
ent.development.js:18
757:9)
      at scheduleUpda
teOnFiber (node_modul
es/react-dom/cjs/reac
t-dom-client.developm
ent.js:16409:11)
      at dispatchSetS
tateInternal (node_mo
dules/react-dom/cjs/r
eact-dom-client.devel
opment.js:9170:13)
      at 
dispatchSetState (nod
e_modules/react-dom/c
js/react-dom-client.d
evelopment.js:9127:7)
      at 
setLoadingPrices (src
/components/MarketPri
ces.jsx:74:7)
      at 
Generator.call (src/c
omponents/MarketPrice
s.jsx:2:1)
      at 
Generator._invoke 
[as next] (src/compon
ents/MarketPrices.jsx
:2:1)
      at 
asyncGeneratorStep (s
rc/components/MarketP
rices.jsx:2:1)
      at 
asyncGeneratorStep (s
rc/components/MarketP
rices.jsx:2:1)

    console.error
      An update to 
MarketPrices inside 
a test was not 
wrapped in act(...).
      
      When testing, 
code that causes 
React state updates 
should be wrapped 
into act(...):
      
      act(() => {
        /* fire 
events that update 
state */
      });
      /* assert on 
the output */
      
      This ensures 
that you're testing 
the behavior the 
user would see in 
the browser. Learn 
more at https://react
.dev/link/wrap-tests-
with-act

    [0m [90m  95 
|[39m       
[36mconst[39m res 
[33m=[39m 
[36mawait[39m 
fetch(url)[33m;[39m
     [90m  96 
|[39m       
[36mconst[39m data 
[33m=[39m 
[36mawait[39m res[
33m.[39mjson()[33m;
[39m
    [31m[1m>[22m[
39m[90m  97 |[39m  
     setDemandData(da
ta)[33m;[39m
     [90m     
|[39m       
[31m[1m^[22m[39m
     [90m  98 
|[39m     } 
[36mcatch[39m 
(err) {
     [90m  99 
|[39m       console
[33m.[39merror([32m
"Failed to fetch dema
nd"[39m[33m,[39m 
err)[33m;[39m
     [90m 100 
|[39m     }[0m

      at node_modules
/react-dom/cjs/react-
dom-client.developmen
t.js:18758:19
      at 
runWithFiberInDEV (no
de_modules/react-dom/
cjs/react-dom-client.
development.js:874:13
)
      at warnIfUpdate
sNotWrappedWithActDEV
 (node_modules/react-
dom/cjs/react-dom-cli
ent.development.js:18
757:9)
      at scheduleUpda
teOnFiber (node_modul
es/react-dom/cjs/reac
t-dom-client.developm
ent.js:16409:11)
      at dispatchSetS
tateInternal (node_mo
dules/react-dom/cjs/r
eact-dom-client.devel
opment.js:9170:13)
      at 
dispatchSetState (nod
e_modules/react-dom/c
js/react-dom-client.d
evelopment.js:9127:7)
      at 
setDemandData (src/co
mponents/MarketPrices
.jsx:97:7)
      at 
Generator.call (src/c
omponents/MarketPrice
s.jsx:2:1)
      at 
Generator._invoke 
[as next] (src/compon
ents/MarketPrices.jsx
:2:1)
      at 
asyncGeneratorStep (s
rc/components/MarketP
rices.jsx:2:1)
      at 
asyncGeneratorStep (s
rc/components/MarketP
rices.jsx:2:1)

    console.error
      An update to 
MarketPrices inside 
a test was not 
wrapped in act(...).
      
      When testing, 
code that causes 
React state updates 
should be wrapped 
into act(...):
      
      act(() => {
        /* fire 
events that update 
state */
      });
      /* assert on 
the output */
      
      This ensures 
that you're testing 
the behavior the 
user would see in 
the browser. Learn 
more at https://react
.dev/link/wrap-tests-
with-act

    [0m [90m 45 
|[39m       
[36mconst[39m data 
[33m=[39m 
[36mawait[39m res[
33m.[39mjson()[33m;
[39m
     [90m 46 |[39m 
      [36mif[39m (
[33mArray[39m[33m.
[39misArray(data) 
[33m&&[39m data[33
m.[39mlength 
[33m>[39m 
[35m0[39m) {
    [31m[1m>[22m[
39m[90m 47 |[39m   
      setAvailableCro
ps(data)[33m;[39m
     [90m    |[39m 
        
[31m[1m^[22m[39m
     [90m 48 |[39m 
        setSelectedCr
op(data[[35m0[39m])
[33m;[39m
     [90m 49 |[39m 
        setSelectedDe
mandCrop(data[[35m0
[39m])[33m;[39m
     [90m 50 |[39m 
        fetchHistory(
data[[35m0[39m])[3
3m;[39m[0m

      at node_modules
/react-dom/cjs/react-
dom-client.developmen
t.js:18758:19
      at 
runWithFiberInDEV (no
de_modules/react-dom/
cjs/react-dom-client.
development.js:874:13
)
      at warnIfUpdate
sNotWrappedWithActDEV
 (node_modules/react-
dom/cjs/react-dom-cli
ent.development.js:18
757:9)
      at scheduleUpda
teOnFiber (node_modul
es/react-dom/cjs/reac
t-dom-client.developm
ent.js:16409:11)
      at dispatchSetS
tateInternal (node_mo
dules/react-dom/cjs/r
eact-dom-client.devel
opment.js:9170:13)
      at 
dispatchSetState (nod
e_modules/react-dom/c
js/react-dom-client.d
evelopment.js:9127:7)
      at 
setAvailableCrops (sr
c/components/MarketPr
ices.jsx:47:9)
      at 
Generator.call (src/c
omponents/MarketPrice
s.jsx:2:1)
      at 
Generator._invoke 
[as next] (src/compon
ents/MarketPrices.jsx
:2:1)
      at 
asyncGeneratorStep (s
rc/components/MarketP
rices.jsx:2:1)
      at 
asyncGeneratorStep (s
rc/components/MarketP
rices.jsx:2:1)

    console.error
      An update to 
MarketPrices inside 
a test was not 
wrapped in act(...).
      
      When testing, 
code that causes 
React state updates 
should be wrapped 
into act(...):
      
      act(() => {
        /* fire 
events that update 
state */
      });
      /* assert on 
the output */
      
      This ensures 
that you're testing 
the behavior the 
user would see in 
the browser. Learn 
more at https://react
.dev/link/wrap-tests-
with-act

    [0m [90m 46 
|[39m       
[36mif[39m ([33mAr
ray[39m[33m.[39mis
Array(data) 
[33m&&[39m data[33
m.[39mlength 
[33m>[39m 
[35m0[39m) {
     [90m 47 |[39m 
        setAvailableC
rops(data)[33m;[39m
    [31m[1m>[22m[
39m[90m 48 |[39m   
      setSelectedCrop
(data[[35m0[39m])[
33m;[39m
     [90m    |[39m 
        
[31m[1m^[22m[39m
     [90m 49 |[39m 
        setSelectedDe
mandCrop(data[[35m0
[39m])[33m;[39m
     [90m 50 |[39m 
        fetchHistory(
data[[35m0[39m])[3
3m;[39m
     [90m 51 |[39m 
        fetchForecast
(data[[35m0[39m])[
33m;[39m[0m

      at node_modules
/react-dom/cjs/react-
dom-client.developmen
t.js:18758:19
      at 
runWithFiberInDEV (no
de_modules/react-dom/
cjs/react-dom-client.
development.js:874:13
)
      at warnIfUpdate
sNotWrappedWithActDEV
 (node_modules/react-
dom/cjs/react-dom-cli
ent.development.js:18
757:9)
      at scheduleUpda
teOnFiber (node_modul
es/react-dom/cjs/reac
t-dom-client.developm
ent.js:16409:11)
      at dispatchSetS
tateInternal (node_mo
dules/react-dom/cjs/r
eact-dom-client.devel
opment.js:9170:13)
      at 
dispatchSetState (nod
e_modules/react-dom/c
js/react-dom-client.d
evelopment.js:9127:7)
      at 
setSelectedCrop (src/
components/MarketPric
es.jsx:48:9)
      at 
Generator.call (src/c
omponents/MarketPrice
s.jsx:2:1)
      at 
Generator._invoke 
[as next] (src/compon
ents/MarketPrices.jsx
:2:1)
      at 
asyncGeneratorStep (s
rc/components/MarketP
rices.jsx:2:1)
      at 
asyncGeneratorStep (s
rc/components/MarketP
rices.jsx:2:1)

    console.error
      An update to 
MarketPrices inside 
a test was not 
wrapped in act(...).
      
      When testing, 
code that causes 
React state updates 
should be wrapped 
into act(...):
      
      act(() => {
        /* fire 
events that update 
state */
      });
      /* assert on 
the output */
      
      This ensures 
that you're testing 
the behavior the 
user would see in 
the browser. Learn 
more at https://react
.dev/link/wrap-tests-
with-act

    [0m [90m 47 
|[39m         setAva
ilableCrops(data)[33
m;[39m
     [90m 48 |[39m 
        setSelectedCr
op(data[[35m0[39m])
[33m;[39m
    [31m[1m>[22m[
39m[90m 49 |[39m   
      setSelectedDema
ndCrop(data[[35m0[3
9m])[33m;[39m
     [90m    |[39m 
        
[31m[1m^[22m[39m
     [90m 50 |[39m 
        fetchHistory(
data[[35m0[39m])[3
3m;[39m
     [90m 51 |[39m 
        fetchForecast
(data[[35m0[39m])[
33m;[39m
     [90m 52 |[39m 
        fetchDemand(d
ata[[35m0[39m])[33
m;[39m[0m

      at node_modules
/react-dom/cjs/react-
dom-client.developmen
t.js:18758:19
      at 
runWithFiberInDEV (no
de_modules/react-dom/
cjs/react-dom-client.
development.js:874:13
)
      at warnIfUpdate
sNotWrappedWithActDEV
 (node_modules/react-
dom/cjs/react-dom-cli
ent.development.js:18
757:9)
      at scheduleUpda
teOnFiber (node_modul
es/react-dom/cjs/reac
t-dom-client.developm
ent.js:16409:11)
      at dispatchSetS
tateInternal (node_mo
dules/react-dom/cjs/r
eact-dom-client.devel
opment.js:9170:13)
      at 
dispatchSetState (nod
e_modules/react-dom/c
js/react-dom-client.d
evelopment.js:9127:7)
      at setSelectedD
emandCrop (src/compon
ents/MarketPrices.jsx
:49:9)
      at 
Generator.call (src/c
omponents/MarketPrice
s.jsx:2:1)
      at 
Generator._invoke 
[as next] (src/compon
ents/MarketPrices.jsx
:2:1)
      at 
asyncGeneratorStep (s
rc/components/MarketP
rices.jsx:2:1)
      at 
asyncGeneratorStep (s
rc/components/MarketP
rices.jsx:2:1)

    console.error
      An update to 
MarketPrices inside 
a test was not 
wrapped in act(...).
      
      When testing, 
code that causes 
React state updates 
should be wrapped 
into act(...):
      
      act(() => {
        /* fire 
events that update 
state */
      });
      /* assert on 
the output */
      
      This ensures 
that you're testing 
the behavior the 
user would see in 
the browser. Learn 
more at https://react
.dev/link/wrap-tests-
with-act

    [0m [90m 103 
|[39m
     [90m 104 
|[39m   
[36mconst[39m 
fetchForecast 
[33m=[39m 
[36masync[39m 
(crop) [33m=>[39m {
    [31m[1m>[22m[
39m[90m 105 |[39m  
   setLoadingForecast
([36mtrue[39m)[33m
;[39m
     [90m     
|[39m     
[31m[1m^[22m[39m
     [90m 106 
|[39m     
[36mtry[39m {
     [90m 107 
|[39m       
[36mconst[39m 
encodedCrop 
[33m=[39m encodeURI
Component(crop)[33m;
[39m
     [90m 108 
|[39m       
[36mconst[39m res 
[33m=[39m 
[36mawait[39m fetch
([32m`http://localho
st:5001/api/market/fo
recast-30-days?crop=$
{encodedCrop}`[39m)
[33m;[39m[0m

      at node_modules
/react-dom/cjs/react-
dom-client.developmen
t.js:18758:19
      at 
runWithFiberInDEV (no
de_modules/react-dom/
cjs/react-dom-client.
development.js:874:13
)
      at warnIfUpdate
sNotWrappedWithActDEV
 (node_modules/react-
dom/cjs/react-dom-cli
ent.development.js:18
757:9)
      at scheduleUpda
teOnFiber (node_modul
es/react-dom/cjs/reac
t-dom-client.developm
ent.js:16409:11)
      at dispatchSetS
tateInternal (node_mo
dules/react-dom/cjs/r
eact-dom-client.devel
opment.js:9170:13)
      at 
dispatchSetState (nod
e_modules/react-dom/c
js/react-dom-client.d
evelopment.js:9127:7)
      at 
setLoadingForecast (s
rc/components/MarketP
rices.jsx:105:5)
      at 
Generator.call (src/c
omponents/MarketPrice
s.jsx:2:1)
      at 
Generator._invoke 
[as next] (src/compon
ents/MarketPrices.jsx
:2:1)
      at 
asyncGeneratorStep (s
rc/components/MarketP
rices.jsx:2:1)
      at 
asyncGeneratorStep (s
rc/components/MarketP
rices.jsx:2:1)
      at _next (src/c
omponents/MarketPrice
s.jsx:2:1)
      at src/componen
ts/MarketPrices.jsx:2
:1
      at apply (src/c
omponents/MarketPrice
s.jsx:104:22)
      at 
fetchForecast (src/co
mponents/MarketPrices
.jsx:51:9)
      at 
Generator.call (src/c
omponents/MarketPrice
s.jsx:2:1)
      at 
Generator._invoke 
[as next] (src/compon
ents/MarketPrices.jsx
:2:1)
      at 
asyncGeneratorStep (s
rc/components/MarketP
rices.jsx:2:1)
      at 
asyncGeneratorStep (s
rc/components/MarketP
rices.jsx:2:1)

    console.error
      An update to 
MarketPrices inside 
a test was not 
wrapped in act(...).
      
      When testing, 
code that causes 
React state updates 
should be wrapped 
into act(...):
      
      act(() => {
        /* fire 
events that update 
state */
      });
      /* assert on 
the output */
      
      This ensures 
that you're testing 
the behavior the 
user would see in 
the browser. Learn 
more at https://react
.dev/link/wrap-tests-
with-act

    [0m [90m 82 
|[39m       
[36mconst[39m res 
[33m=[39m 
[36mawait[39m fetch
([32m`http://localho
st:5001/api/market/hi
story?crop=${encodedC
rop}`[39m)[33m;[39
m
     [90m 83 |[39m 
      
[36mconst[39m data 
[33m=[39m 
[36mawait[39m res[
33m.[39mjson()[33m;
[39m
    [31m[1m>[22m[
39m[90m 84 |[39m   
    setHistoryData(da
ta)[33m;[39m
     [90m    |[39m 
      
[31m[1m^[22m[39m
     [90m 85 |[39m 
    } 
[36mcatch[39m 
(err) {
     [90m 86 |[39m 
      console[33m.[
39merror([32m"Failed
 to fetch history"[3
9m[33m,[39m 
err)[33m;[39m
     [90m 87 |[39m 
    }[0m

      at node_modules
/react-dom/cjs/react-
dom-client.developmen
t.js:18758:19
      at 
runWithFiberInDEV (no
de_modules/react-dom/
cjs/react-dom-client.
development.js:874:13
)
      at warnIfUpdate
sNotWrappedWithActDEV
 (node_modules/react-
dom/cjs/react-dom-cli
ent.development.js:18
757:9)
      at scheduleUpda
teOnFiber (node_modul
es/react-dom/cjs/reac
t-dom-client.developm
ent.js:16409:11)
      at dispatchSetS
tateInternal (node_mo
dules/react-dom/cjs/r
eact-dom-client.devel
opment.js:9170:13)
      at 
dispatchSetState (nod
e_modules/react-dom/c
js/react-dom-client.d
evelopment.js:9127:7)
      at 
setHistoryData (src/c
omponents/MarketPrice
s.jsx:84:7)
      at 
Generator.call (src/c
omponents/MarketPrice
s.jsx:2:1)
      at 
Generator._invoke 
[as next] (src/compon
ents/MarketPrices.jsx
:2:1)
      at 
asyncGeneratorStep (s
rc/components/MarketP
rices.jsx:2:1)
      at 
asyncGeneratorStep (s
rc/components/MarketP
rices.jsx:2:1)

    console.error
      An update to 
MarketPrices inside 
a test was not 
wrapped in act(...).
      
      When testing, 
code that causes 
React state updates 
should be wrapped 
into act(...):
      
      act(() => {
        /* fire 
events that update 
state */
      });
      /* assert on 
the output */
      
      This ensures 
that you're testing 
the behavior the 
user would see in 
the browser. Learn 
more at https://react
.dev/link/wrap-tests-
with-act

    [0m [90m 108 
|[39m       
[36mconst[39m res 
[33m=[39m 
[36mawait[39m fetch
([32m`http://localho
st:5001/api/market/fo
recast-30-days?crop=$
{encodedCrop}`[39m)
[33m;[39m
     [90m 109 
|[39m       
[36mconst[39m data 
[33m=[39m 
[36mawait[39m res[
33m.[39mjson()[33m;
[39m
    [31m[1m>[22m[
39m[90m 110 |[39m  
     setForecastData(
data)[33m;[39m
     [90m     
|[39m       
[31m[1m^[22m[39m
     [90m 111 
|[39m     } 
[36mcatch[39m 
(err) {
     [90m 112 
|[39m       console
[33m.[39merror([32m
"Failed to fetch fore
cast"[39m[33m,[39m
 err)[33m;[39m
     [90m 113 
|[39m     } 
[36mfinally[39m 
{[0m

      at node_modules
/react-dom/cjs/react-
dom-client.developmen
t.js:18758:19
      at 
runWithFiberInDEV (no
de_modules/react-dom/
cjs/react-dom-client.
development.js:874:13
)
      at warnIfUpdate
sNotWrappedWithActDEV
 (node_modules/react-
dom/cjs/react-dom-cli
ent.development.js:18
757:9)
      at scheduleUpda
teOnFiber (node_modul
es/react-dom/cjs/reac
t-dom-client.developm
ent.js:16409:11)
      at dispatchSetS
tateInternal (node_mo
dules/react-dom/cjs/r
eact-dom-client.devel
opment.js:9170:13)
      at 
dispatchSetState (nod
e_modules/react-dom/c
js/react-dom-client.d
evelopment.js:9127:7)
      at 
setForecastData (src/
components/MarketPric
es.jsx:110:7)
      at 
Generator.call (src/c
omponents/MarketPrice
s.jsx:2:1)
      at 
Generator._invoke 
[as next] (src/compon
ents/MarketPrices.jsx
:2:1)
      at 
asyncGeneratorStep (s
rc/components/MarketP
rices.jsx:2:1)
      at 
asyncGeneratorStep (s
rc/components/MarketP
rices.jsx:2:1)

    console.error
      An update to 
MarketPrices inside 
a test was not 
wrapped in act(...).
      
      When testing, 
code that causes 
React state updates 
should be wrapped 
into act(...):
      
      act(() => {
        /* fire 
events that update 
state */
      });
      /* assert on 
the output */
      
      This ensures 
that you're testing 
the behavior the 
user would see in 
the browser. Learn 
more at https://react
.dev/link/wrap-tests-
with-act

    [0m [90m 112 
|[39m       console
[33m.[39merror([32m
"Failed to fetch fore
cast"[39m[33m,[39m
 err)[33m;[39m
     [90m 113 
|[39m     } 
[36mfinally[39m {
    [31m[1m>[22m[
39m[90m 114 |[39m  
     setLoadingForeca
st([36mfalse[39m)[
33m;[39m
     [90m     
|[39m       
[31m[1m^[22m[39m
     [90m 115 
|[39m     }
     [90m 116 
|[39m   }[33m;[39m
     [90m 117 
|[39m[0m

      at node_modules
/react-dom/cjs/react-
dom-client.developmen
t.js:18758:19
      at 
runWithFiberInDEV (no
de_modules/react-dom/
cjs/react-dom-client.
development.js:874:13
)
      at warnIfUpdate
sNotWrappedWithActDEV
 (node_modules/react-
dom/cjs/react-dom-cli
ent.development.js:18
757:9)
      at scheduleUpda
teOnFiber (node_modul
es/react-dom/cjs/reac
t-dom-client.developm
ent.js:16409:11)
      at dispatchSetS
tateInternal (node_mo
dules/react-dom/cjs/r
eact-dom-client.devel
opment.js:9170:13)
      at 
dispatchSetState (nod
e_modules/react-dom/c
js/react-dom-client.d
evelopment.js:9127:7)
      at 
setLoadingForecast (s
rc/components/MarketP
rices.jsx:114:7)
      at 
Generator.call (src/c
omponents/MarketPrice
s.jsx:2:1)
      at 
Generator._invoke 
[as next] (src/compon
ents/MarketPrices.jsx
:2:1)
      at 
asyncGeneratorStep (s
rc/components/MarketP
rices.jsx:2:1)
      at 
asyncGeneratorStep (s
rc/components/MarketP
rices.jsx:2:1)

    console.error
      An update to 
MarketPrices inside 
a test was not 
wrapped in act(...).
      
      When testing, 
code that causes 
React state updates 
should be wrapped 
into act(...):
      
      act(() => {
        /* fire 
events that update 
state */
      });
      /* assert on 
the output */
      
      This ensures 
that you're testing 
the behavior the 
user would see in 
the browser. Learn 
more at https://react
.dev/link/wrap-tests-
with-act

    [0m [90m  95 
|[39m       
[36mconst[39m res 
[33m=[39m 
[36mawait[39m 
fetch(url)[33m;[39m
     [90m  96 
|[39m       
[36mconst[39m data 
[33m=[39m 
[36mawait[39m res[
33m.[39mjson()[33m;
[39m
    [31m[1m>[22m[
39m[90m  97 |[39m  
     setDemandData(da
ta)[33m;[39m
     [90m     
|[39m       
[31m[1m^[22m[39m
     [90m  98 
|[39m     } 
[36mcatch[39m 
(err) {
     [90m  99 
|[39m       console
[33m.[39merror([32m
"Failed to fetch dema
nd"[39m[33m,[39m 
err)[33m;[39m
     [90m 100 
|[39m     }[0m

      at node_modules
/react-dom/cjs/react-
dom-client.developmen
t.js:18758:19
      at 
runWithFiberInDEV (no
de_modules/react-dom/
cjs/react-dom-client.
development.js:874:13
)
      at warnIfUpdate
sNotWrappedWithActDEV
 (node_modules/react-
dom/cjs/react-dom-cli
ent.development.js:18
757:9)
      at scheduleUpda
teOnFiber (node_modul
es/react-dom/cjs/reac
t-dom-client.developm
ent.js:16409:11)
      at dispatchSetS
tateInternal (node_mo
dules/react-dom/cjs/r
eact-dom-client.devel
opment.js:9170:13)
      at 
dispatchSetState (nod
e_modules/react-dom/c
js/react-dom-client.d
evelopment.js:9127:7)
      at 
setDemandData (src/co
mponents/MarketPrices
.jsx:97:7)
      at 
Generator.call (src/c
omponents/MarketPrice
s.jsx:2:1)
      at 
Generator._invoke 
[as next] (src/compon
ents/MarketPrices.jsx
:2:1)
      at 
asyncGeneratorStep (s
rc/components/MarketP
rices.jsx:2:1)
      at 
asyncGeneratorStep (s
rc/components/MarketP
rices.jsx:2:1)

    console.error
      An update to 
MarketPrices inside 
a test was not 
wrapped in act(...).
      
      When testing, 
code that causes 
React state updates 
should be wrapped 
into act(...):
      
      act(() => {
        /* fire 
events that update 
state */
      });
      /* assert on 
the output */
      
      This ensures 
that you're testing 
the behavior the 
user would see in 
the browser. Learn 
more at https://react
.dev/link/wrap-tests-
with-act

    [0m [90m 68 
|[39m       
[36mconst[39m res 
[33m=[39m 
[36mawait[39m fetch
([32m'http://localho
st:5001/api/market/pr
ices'[39m)[33m;[39
m
     [90m 69 |[39m 
      
[36mconst[39m data 
[33m=[39m 
[36mawait[39m res[
33m.[39mjson()[33m;
[39m
    [31m[1m>[22m[
39m[90m 70 |[39m   
    setMarketPrices(d
ata)[33m;[39m
     [90m    |[39m 
      
[31m[1m^[22m[39m
     [90m 71 |[39m 
    } 
[36mcatch[39m 
(err) {
     [90m 72 |[39m 
      console[33m.[
39merror([32m"Failed
 to fetch prices"[39
m[33m,[39m 
err)[33m;[39m
     [90m 73 |[39m 
    } 
[36mfinally[39m 
{[0m

      at node_modules
/react-dom/cjs/react-
dom-client.developmen
t.js:18758:19
      at 
runWithFiberInDEV (no
de_modules/react-dom/
cjs/react-dom-client.
development.js:874:13
)
      at warnIfUpdate
sNotWrappedWithActDEV
 (node_modules/react-
dom/cjs/react-dom-cli
ent.development.js:18
757:9)
      at scheduleUpda
teOnFiber (node_modul
es/react-dom/cjs/reac
t-dom-client.developm
ent.js:16409:11)
      at dispatchSetS
tateInternal (node_mo
dules/react-dom/cjs/r
eact-dom-client.devel
opment.js:9170:13)
      at 
dispatchSetState (nod
e_modules/react-dom/c
js/react-dom-client.d
evelopment.js:9127:7)
      at 
setMarketPrices (src/
components/MarketPric
es.jsx:70:7)
      at 
Generator.call (src/c
omponents/MarketPrice
s.jsx:2:1)
      at 
Generator._invoke 
[as next] (src/compon
ents/MarketPrices.jsx
:2:1)
      at 
asyncGeneratorStep (s
rc/components/MarketP
rices.jsx:2:1)
      at 
asyncGeneratorStep (s
rc/components/MarketP
rices.jsx:2:1)

    console.error
      An update to 
MarketPrices inside 
a test was not 
wrapped in act(...).
      
      When testing, 
code that causes 
React state updates 
should be wrapped 
into act(...):
      
      act(() => {
        /* fire 
events that update 
state */
      });
      /* assert on 
the output */
      
      This ensures 
that you're testing 
the behavior the 
user would see in 
the browser. Learn 
more at https://react
.dev/link/wrap-tests-
with-act

    [0m [90m 72 
|[39m       console
[33m.[39merror([32m
"Failed to fetch pric
es"[39m[33m,[39m 
err)[33m;[39m
     [90m 73 |[39m 
    } 
[36mfinally[39m {
    [31m[1m>[22m[
39m[90m 74 |[39m   
    setLoadingPrices(
[36mfalse[39m)[33m
;[39m
     [90m    |[39m 
      
[31m[1m^[22m[39m
     [90m 75 |[39m 
    }
     [90m 76 |[39m 
  }[33m;[39m
     [90m 77 
|[39m[0m

      at node_modules
/react-dom/cjs/react-
dom-client.developmen
t.js:18758:19
      at 
runWithFiberInDEV (no
de_modules/react-dom/
cjs/react-dom-client.
development.js:874:13
)
      at warnIfUpdate
sNotWrappedWithActDEV
 (node_modules/react-
dom/cjs/react-dom-cli
ent.development.js:18
757:9)
      at scheduleUpda
teOnFiber (node_modul
es/react-dom/cjs/reac
t-dom-client.developm
ent.js:16409:11)
      at dispatchSetS
tateInternal (node_mo
dules/react-dom/cjs/r
eact-dom-client.devel
opment.js:9170:13)
      at 
dispatchSetState (nod
e_modules/react-dom/c
js/react-dom-client.d
evelopment.js:9127:7)
      at 
setLoadingPrices (src
/components/MarketPri
ces.jsx:74:7)
      at 
Generator.call (src/c
omponents/MarketPrice
s.jsx:2:1)
      at 
Generator._invoke 
[as next] (src/compon
ents/MarketPrices.jsx
:2:1)
      at 
asyncGeneratorStep (s
rc/components/MarketP
rices.jsx:2:1)
      at 
asyncGeneratorStep (s
rc/components/MarketP
rices.jsx:2:1)

    console.error
      An update to 
MarketPrices inside 
a test was not 
wrapped in act(...).
      
      When testing, 
code that causes 
React state updates 
should be wrapped 
into act(...):
      
      act(() => {
        /* fire 
events that update 
state */
      });
      /* assert on 
the output */
      
      This ensures 
that you're testing 
the behavior the 
user would see in 
the browser. Learn 
more at https://react
.dev/link/wrap-tests-
with-act

    [0m [90m  95 
|[39m       
[36mconst[39m res 
[33m=[39m 
[36mawait[39m 
fetch(url)[33m;[39m
     [90m  96 
|[39m       
[36mconst[39m data 
[33m=[39m 
[36mawait[39m res[
33m.[39mjson()[33m;
[39m
    [31m[1m>[22m[
39m[90m  97 |[39m  
     setDemandData(da
ta)[33m;[39m
     [90m     
|[39m       
[31m[1m^[22m[39m
     [90m  98 
|[39m     } 
[36mcatch[39m 
(err) {
     [90m  99 
|[39m       console
[33m.[39merror([32m
"Failed to fetch dema
nd"[39m[33m,[39m 
err)[33m;[39m
     [90m 100 
|[39m     }[0m

      at node_modules
/react-dom/cjs/react-
dom-client.developmen
t.js:18758:19
      at 
runWithFiberInDEV (no
de_modules/react-dom/
cjs/react-dom-client.
development.js:874:13
)
      at warnIfUpdate
sNotWrappedWithActDEV
 (node_modules/react-
dom/cjs/react-dom-cli
ent.development.js:18
757:9)
      at scheduleUpda
teOnFiber (node_modul
es/react-dom/cjs/reac
t-dom-client.developm
ent.js:16409:11)
      at dispatchSetS
tateInternal (node_mo
dules/react-dom/cjs/r
eact-dom-client.devel
opment.js:9170:13)
      at 
dispatchSetState (nod
e_modules/react-dom/c
js/react-dom-client.d
evelopment.js:9127:7)
      at 
setDemandData (src/co
mponents/MarketPrices
.jsx:97:7)
      at 
Generator.call (src/c
omponents/MarketPrice
s.jsx:2:1)
      at 
Generator._invoke 
[as next] (src/compon
ents/MarketPrices.jsx
:2:1)
      at 
asyncGeneratorStep (s
rc/components/MarketP
rices.jsx:2:1)
      at 
asyncGeneratorStep (s
rc/components/MarketP
rices.jsx:2:1)

    console.error
      An update to 
MarketPrices inside 
a test was not 
wrapped in act(...).
      
      When testing, 
code that causes 
React state updates 
should be wrapped 
into act(...):
      
      act(() => {
        /* fire 
events that update 
state */
      });
      /* assert on 
the output */
      
      This ensures 
that you're testing 
the behavior the 
user would see in 
the browser. Learn 
more at https://react
.dev/link/wrap-tests-
with-act

    [0m [90m 45 
|[39m       
[36mconst[39m data 
[33m=[39m 
[36mawait[39m res[
33m.[39mjson()[33m;
[39m
     [90m 46 |[39m 
      [36mif[39m (
[33mArray[39m[33m.
[39misArray(data) 
[33m&&[39m data[33
m.[39mlength 
[33m>[39m 
[35m0[39m) {
    [31m[1m>[22m[
39m[90m 47 |[39m   
      setAvailableCro
ps(data)[33m;[39m
     [90m    |[39m 
        
[31m[1m^[22m[39m
     [90m 48 |[39m 
        setSelectedCr
op(data[[35m0[39m])
[33m;[39m
     [90m 49 |[39m 
        setSelectedDe
mandCrop(data[[35m0
[39m])[33m;[39m
     [90m 50 |[39m 
        fetchHistory(
data[[35m0[39m])[3
3m;[39m[0m

      at node_modules
/react-dom/cjs/react-
dom-client.developmen
t.js:18758:19
      at 
runWithFiberInDEV (no
de_modules/react-dom/
cjs/react-dom-client.
development.js:874:13
)
      at warnIfUpdate
sNotWrappedWithActDEV
 (node_modules/react-
dom/cjs/react-dom-cli
ent.development.js:18
757:9)
      at scheduleUpda
teOnFiber (node_modul
es/react-dom/cjs/reac
t-dom-client.developm
ent.js:16409:11)
      at dispatchSetS
tateInternal (node_mo
dules/react-dom/cjs/r
eact-dom-client.devel
opment.js:9170:13)
      at 
dispatchSetState (nod
e_modules/react-dom/c
js/react-dom-client.d
evelopment.js:9127:7)
      at 
setAvailableCrops (sr
c/components/MarketPr
ices.jsx:47:9)
      at 
Generator.call (src/c
omponents/MarketPrice
s.jsx:2:1)
      at 
Generator._invoke 
[as next] (src/compon
ents/MarketPrices.jsx
:2:1)
      at 
asyncGeneratorStep (s
rc/components/MarketP
rices.jsx:2:1)
      at 
asyncGeneratorStep (s
rc/components/MarketP
rices.jsx:2:1)

    console.error
      An update to 
MarketPrices inside 
a test was not 
wrapped in act(...).
      
      When testing, 
code that causes 
React state updates 
should be wrapped 
into act(...):
      
      act(() => {
        /* fire 
events that update 
state */
      });
      /* assert on 
the output */
      
      This ensures 
that you're testing 
the behavior the 
user would see in 
the browser. Learn 
more at https://react
.dev/link/wrap-tests-
with-act

    [0m [90m 46 
|[39m       
[36mif[39m ([33mAr
ray[39m[33m.[39mis
Array(data) 
[33m&&[39m data[33
m.[39mlength 
[33m>[39m 
[35m0[39m) {
     [90m 47 |[39m 
        setAvailableC
rops(data)[33m;[39m
    [31m[1m>[22m[
39m[90m 48 |[39m   
      setSelectedCrop
(data[[35m0[39m])[
33m;[39m
     [90m    |[39m 
        
[31m[1m^[22m[39m
     [90m 49 |[39m 
        setSelectedDe
mandCrop(data[[35m0
[39m])[33m;[39m
     [90m 50 |[39m 
        fetchHistory(
data[[35m0[39m])[3
3m;[39m
     [90m 51 |[39m 
        fetchForecast
(data[[35m0[39m])[
33m;[39m[0m

      at node_modules
/react-dom/cjs/react-
dom-client.developmen
t.js:18758:19
      at 
runWithFiberInDEV (no
de_modules/react-dom/
cjs/react-dom-client.
development.js:874:13
)
      at warnIfUpdate
sNotWrappedWithActDEV
 (node_modules/react-
dom/cjs/react-dom-cli
ent.development.js:18
757:9)
      at scheduleUpda
teOnFiber (node_modul
es/react-dom/cjs/reac
t-dom-client.developm
ent.js:16409:11)
      at dispatchSetS
tateInternal (node_mo
dules/react-dom/cjs/r
eact-dom-client.devel
opment.js:9170:13)
      at 
dispatchSetState (nod
e_modules/react-dom/c
js/react-dom-client.d
evelopment.js:9127:7)
      at 
setSelectedCrop (src/
components/MarketPric
es.jsx:48:9)
      at 
Generator.call (src/c
omponents/MarketPrice
s.jsx:2:1)
      at 
Generator._invoke 
[as next] (src/compon
ents/MarketPrices.jsx
:2:1)
      at 
asyncGeneratorStep (s
rc/components/MarketP
rices.jsx:2:1)
      at 
asyncGeneratorStep (s
rc/components/MarketP
rices.jsx:2:1)

    console.error
      An update to 
MarketPrices inside 
a test was not 
wrapped in act(...).
      
      When testing, 
code that causes 
React state updates 
should be wrapped 
into act(...):
      
      act(() => {
        /* fire 
events that update 
state */
      });
      /* assert on 
the output */
      
      This ensures 
that you're testing 
the behavior the 
user would see in 
the browser. Learn 
more at https://react
.dev/link/wrap-tests-
with-act

    [0m [90m 47 
|[39m         setAva
ilableCrops(data)[33
m;[39m
     [90m 48 |[39m 
        setSelectedCr
op(data[[35m0[39m])
[33m;[39m
    [31m[1m>[22m[
39m[90m 49 |[39m   
      setSelectedDema
ndCrop(data[[35m0[3
9m])[33m;[39m
     [90m    |[39m 
        
[31m[1m^[22m[39m
     [90m 50 |[39m 
        fetchHistory(
data[[35m0[39m])[3
3m;[39m
     [90m 51 |[39m 
        fetchForecast
(data[[35m0[39m])[
33m;[39m
     [90m 52 |[39m 
        fetchDemand(d
ata[[35m0[39m])[33
m;[39m[0m

      at node_modules
/react-dom/cjs/react-
dom-client.developmen
t.js:18758:19
      at 
runWithFiberInDEV (no
de_modules/react-dom/
cjs/react-dom-client.
development.js:874:13
)
      at warnIfUpdate
sNotWrappedWithActDEV
 (node_modules/react-
dom/cjs/react-dom-cli
ent.development.js:18
757:9)
      at scheduleUpda
teOnFiber (node_modul
es/react-dom/cjs/reac
t-dom-client.developm
ent.js:16409:11)
      at dispatchSetS
tateInternal (node_mo
dules/react-dom/cjs/r
eact-dom-client.devel
opment.js:9170:13)
      at 
dispatchSetState (nod
e_modules/react-dom/c
js/react-dom-client.d
evelopment.js:9127:7)
      at setSelectedD
emandCrop (src/compon
ents/MarketPrices.jsx
:49:9)
      at 
Generator.call (src/c
omponents/MarketPrice
s.jsx:2:1)
      at 
Generator._invoke 
[as next] (src/compon
ents/MarketPrices.jsx
:2:1)
      at 
asyncGeneratorStep (s
rc/components/MarketP
rices.jsx:2:1)
      at 
asyncGeneratorStep (s
rc/components/MarketP
rices.jsx:2:1)

    console.error
      An update to 
MarketPrices inside 
a test was not 
wrapped in act(...).
      
      When testing, 
code that causes 
React state updates 
should be wrapped 
into act(...):
      
      act(() => {
        /* fire 
events that update 
state */
      });
      /* assert on 
the output */
      
      This ensures 
that you're testing 
the behavior the 
user would see in 
the browser. Learn 
more at https://react
.dev/link/wrap-tests-
with-act

    [0m [90m 103 
|[39m
     [90m 104 
|[39m   
[36mconst[39m 
fetchForecast 
[33m=[39m 
[36masync[39m 
(crop) [33m=>[39m {
    [31m[1m>[22m[
39m[90m 105 |[39m  
   setLoadingForecast
([36mtrue[39m)[33m
;[39m
     [90m     
|[39m     
[31m[1m^[22m[39m
     [90m 106 
|[39m     
[36mtry[39m {
     [90m 107 
|[39m       
[36mconst[39m 
encodedCrop 
[33m=[39m encodeURI
Component(crop)[33m;
[39m
     [90m 108 
|[39m       
[36mconst[39m res 
[33m=[39m 
[36mawait[39m fetch
([32m`http://localho
st:5001/api/market/fo
recast-30-days?crop=$
{encodedCrop}`[39m)
[33m;[39m[0m

      at node_modules
/react-dom/cjs/react-
dom-client.developmen
t.js:18758:19
      at 
runWithFiberInDEV (no
de_modules/react-dom/
cjs/react-dom-client.
development.js:874:13
)
      at warnIfUpdate
sNotWrappedWithActDEV
 (node_modules/react-
dom/cjs/react-dom-cli
ent.development.js:18
757:9)
      at scheduleUpda
teOnFiber (node_modul
es/react-dom/cjs/reac
t-dom-client.developm
ent.js:16409:11)
      at dispatchSetS
tateInternal (node_mo
dules/react-dom/cjs/r
eact-dom-client.devel
opment.js:9170:13)
      at 
dispatchSetState (nod
e_modules/react-dom/c
js/react-dom-client.d
evelopment.js:9127:7)
      at 
setLoadingForecast (s
rc/components/MarketP
rices.jsx:105:5)
      at 
Generator.call (src/c
omponents/MarketPrice
s.jsx:2:1)
      at 
Generator._invoke 
[as next] (src/compon
ents/MarketPrices.jsx
:2:1)
      at 
asyncGeneratorStep (s
rc/components/MarketP
rices.jsx:2:1)
      at 
asyncGeneratorStep (s
rc/components/MarketP
rices.jsx:2:1)
      at _next (src/c
omponents/MarketPrice
s.jsx:2:1)
      at src/componen
ts/MarketPrices.jsx:2
:1
      at apply (src/c
omponents/MarketPrice
s.jsx:104:22)
      at 
fetchForecast (src/co
mponents/MarketPrices
.jsx:51:9)
      at 
Generator.call (src/c
omponents/MarketPrice
s.jsx:2:1)
      at 
Generator._invoke 
[as next] (src/compon
ents/MarketPrices.jsx
:2:1)
      at 
asyncGeneratorStep (s
rc/components/MarketP
rices.jsx:2:1)
      at 
asyncGeneratorStep (s
rc/components/MarketP
rices.jsx:2:1)

    console.error
      An update to 
MarketPrices inside 
a test was not 
wrapped in act(...).
      
      When testing, 
code that causes 
React state updates 
should be wrapped 
into act(...):
      
      act(() => {
        /* fire 
events that update 
state */
      });
      /* assert on 
the output */
      
      This ensures 
that you're testing 
the behavior the 
user would see in 
the browser. Learn 
more at https://react
.dev/link/wrap-tests-
with-act

    [0m [90m 82 
|[39m       
[36mconst[39m res 
[33m=[39m 
[36mawait[39m fetch
([32m`http://localho
st:5001/api/market/hi
story?crop=${encodedC
rop}`[39m)[33m;[39
m
     [90m 83 |[39m 
      
[36mconst[39m data 
[33m=[39m 
[36mawait[39m res[
33m.[39mjson()[33m;
[39m
    [31m[1m>[22m[
39m[90m 84 |[39m   
    setHistoryData(da
ta)[33m;[39m
     [90m    |[39m 
      
[31m[1m^[22m[39m
     [90m 85 |[39m 
    } 
[36mcatch[39m 
(err) {
     [90m 86 |[39m 
      console[33m.[
39merror([32m"Failed
 to fetch history"[3
9m[33m,[39m 
err)[33m;[39m
     [90m 87 |[39m 
    }[0m

      at node_modules
/react-dom/cjs/react-
dom-client.developmen
t.js:18758:19
      at 
runWithFiberInDEV (no
de_modules/react-dom/
cjs/react-dom-client.
development.js:874:13
)
      at warnIfUpdate
sNotWrappedWithActDEV
 (node_modules/react-
dom/cjs/react-dom-cli
ent.development.js:18
757:9)
      at scheduleUpda
teOnFiber (node_modul
es/react-dom/cjs/reac
t-dom-client.developm
ent.js:16409:11)
      at dispatchSetS
tateInternal (node_mo
dules/react-dom/cjs/r
eact-dom-client.devel
opment.js:9170:13)
      at 
dispatchSetState (nod
e_modules/react-dom/c
js/react-dom-client.d
evelopment.js:9127:7)
      at 
setHistoryData (src/c
omponents/MarketPrice
s.jsx:84:7)
      at 
Generator.call (src/c
omponents/MarketPrice
s.jsx:2:1)
      at 
Generator._invoke 
[as next] (src/compon
ents/MarketPrices.jsx
:2:1)
      at 
asyncGeneratorStep (s
rc/components/MarketP
rices.jsx:2:1)
      at 
asyncGeneratorStep (s
rc/components/MarketP
rices.jsx:2:1)

    console.error
      An update to 
MarketPrices inside 
a test was not 
wrapped in act(...).
      
      When testing, 
code that causes 
React state updates 
should be wrapped 
into act(...):
      
      act(() => {
        /* fire 
events that update 
state */
      });
      /* assert on 
the output */
      
      This ensures 
that you're testing 
the behavior the 
user would see in 
the browser. Learn 
more at https://react
.dev/link/wrap-tests-
with-act

    [0m [90m 108 
|[39m       
[36mconst[39m res 
[33m=[39m 
[36mawait[39m fetch
([32m`http://localho
st:5001/api/market/fo
recast-30-days?crop=$
{encodedCrop}`[39m)
[33m;[39m
     [90m 109 
|[39m       
[36mconst[39m data 
[33m=[39m 
[36mawait[39m res[
33m.[39mjson()[33m;
[39m
    [31m[1m>[22m[
39m[90m 110 |[39m  
     setForecastData(
data)[33m;[39m
     [90m     
|[39m       
[31m[1m^[22m[39m
     [90m 111 
|[39m     } 
[36mcatch[39m 
(err) {
     [90m 112 
|[39m       console
[33m.[39merror([32m
"Failed to fetch fore
cast"[39m[33m,[39m
 err)[33m;[39m
     [90m 113 
|[39m     } 
[36mfinally[39m 
{[0m

      at node_modules
/react-dom/cjs/react-
dom-client.developmen
t.js:18758:19
      at 
runWithFiberInDEV (no
de_modules/react-dom/
cjs/react-dom-client.
development.js:874:13
)
      at warnIfUpdate
sNotWrappedWithActDEV
 (node_modules/react-
dom/cjs/react-dom-cli
ent.development.js:18
757:9)
      at scheduleUpda
teOnFiber (node_modul
es/react-dom/cjs/reac
t-dom-client.developm
ent.js:16409:11)
      at dispatchSetS
tateInternal (node_mo
dules/react-dom/cjs/r
eact-dom-client.devel
opment.js:9170:13)
      at 
dispatchSetState (nod
e_modules/react-dom/c
js/react-dom-client.d
evelopment.js:9127:7)
      at 
setForecastData (src/
components/MarketPric
es.jsx:110:7)
      at 
Generator.call (src/c
omponents/MarketPrice
s.jsx:2:1)
      at 
Generator._invoke 
[as next] (src/compon
ents/MarketPrices.jsx
:2:1)
      at 
asyncGeneratorStep (s
rc/components/MarketP
rices.jsx:2:1)
      at 
asyncGeneratorStep (s
rc/components/MarketP
rices.jsx:2:1)

    console.error
      An update to 
MarketPrices inside 
a test was not 
wrapped in act(...).
      
      When testing, 
code that causes 
React state updates 
should be wrapped 
into act(...):
      
      act(() => {
        /* fire 
events that update 
state */
      });
      /* assert on 
the output */
      
      This ensures 
that you're testing 
the behavior the 
user would see in 
the browser. Learn 
more at https://react
.dev/link/wrap-tests-
with-act

    [0m [90m 112 
|[39m       console
[33m.[39merror([32m
"Failed to fetch fore
cast"[39m[33m,[39m
 err)[33m;[39m
     [90m 113 
|[39m     } 
[36mfinally[39m {
    [31m[1m>[22m[
39m[90m 114 |[39m  
     setLoadingForeca
st([36mfalse[39m)[
33m;[39m
     [90m     
|[39m       
[31m[1m^[22m[39m
     [90m 115 
|[39m     }
     [90m 116 
|[39m   }[33m;[39m
     [90m 117 
|[39m[0m

      at node_modules
/react-dom/cjs/react-
dom-client.developmen
t.js:18758:19
      at 
runWithFiberInDEV (no
de_modules/react-dom/
cjs/react-dom-client.
development.js:874:13
)
      at warnIfUpdate
sNotWrappedWithActDEV
 (node_modules/react-
dom/cjs/react-dom-cli
ent.development.js:18
757:9)
      at scheduleUpda
teOnFiber (node_modul
es/react-dom/cjs/reac
t-dom-client.developm
ent.js:16409:11)
      at dispatchSetS
tateInternal (node_mo
dules/react-dom/cjs/r
eact-dom-client.devel
opment.js:9170:13)
      at 
dispatchSetState (nod
e_modules/react-dom/c
js/react-dom-client.d
evelopment.js:9127:7)
      at 
setLoadingForecast (s
rc/components/MarketP
rices.jsx:114:7)
      at 
Generator.call (src/c
omponents/MarketPrice
s.jsx:2:1)
      at 
Generator._invoke 
[as next] (src/compon
ents/MarketPrices.jsx
:2:1)
      at 
asyncGeneratorStep (s
rc/components/MarketP
rices.jsx:2:1)
      at 
asyncGeneratorStep (s
rc/components/MarketP
rices.jsx:2:1)

    console.error
      An update to 
MarketPrices inside 
a test was not 
wrapped in act(...).
      
      When testing, 
code that causes 
React state updates 
should be wrapped 
into act(...):
      
      act(() => {
        /* fire 
events that update 
state */
      });
      /* assert on 
the output */
      
      This ensures 
that you're testing 
the behavior the 
user would see in 
the browser. Learn 
more at https://react
.dev/link/wrap-tests-
with-act

    [0m [90m  95 
|[39m       
[36mconst[39m res 
[33m=[39m 
[36mawait[39m 
fetch(url)[33m;[39m
     [90m  96 
|[39m       
[36mconst[39m data 
[33m=[39m 
[36mawait[39m res[
33m.[39mjson()[33m;
[39m
    [31m[1m>[22m[
39m[90m  97 |[39m  
     setDemandData(da
ta)[33m;[39m
     [90m     
|[39m       
[31m[1m^[22m[39m
     [90m  98 
|[39m     } 
[36mcatch[39m 
(err) {
     [90m  99 
|[39m       console
[33m.[39merror([32m
"Failed to fetch dema
nd"[39m[33m,[39m 
err)[33m;[39m
     [90m 100 
|[39m     }[0m

      at node_modules
/react-dom/cjs/react-
dom-client.developmen
t.js:18758:19
      at 
runWithFiberInDEV (no
de_modules/react-dom/
cjs/react-dom-client.
development.js:874:13
)
      at warnIfUpdate
sNotWrappedWithActDEV
 (node_modules/react-
dom/cjs/react-dom-cli
ent.development.js:18
757:9)
      at scheduleUpda
teOnFiber (node_modul
es/react-dom/cjs/reac
t-dom-client.developm
ent.js:16409:11)
      at dispatchSetS
tateInternal (node_mo
dules/react-dom/cjs/r
eact-dom-client.devel
opment.js:9170:13)
      at 
dispatchSetState (nod
e_modules/react-dom/c
js/react-dom-client.d
evelopment.js:9127:7)
      at 
setDemandData (src/co
mponents/MarketPrices
.jsx:97:7)
      at 
Generator.call (src/c
omponents/MarketPrice
s.jsx:2:1)
      at 
Generator._invoke 
[as next] (src/compon
ents/MarketPrices.jsx
:2:1)
      at 
asyncGeneratorStep (s
rc/components/MarketP
rices.jsx:2:1)
      at 
asyncGeneratorStep (s
rc/components/MarketP
rices.jsx:2:1)

  ΓùÅ MarketPrices 
Component ΓÇ║ 
renders live market 
prices by default

    Unable to find 
an element with the 
text: Γé╣2200. This 
could be because the 
text is broken up by 
multiple elements. 
In this case, you 
can provide a 
function for your 
text matcher to make 
your matcher more 
flexible.

    Ignored nodes: 
comments, script, 
style
    [36m<body>[39m
      [36m<div>[39m
        
[36m<div[39m
          [33mclass
[39m=[32m"min-h-scre
en bg-slate-50 
p-6"[39m
        [36m>[39m
          
[36m<div[39m
            [33mclas
s[39m=[32m"max-w-6x
l mx-auto"[39m
          [36m>[39m
            
[36m<div[39m
              [33mcl
ass[39m=[32m"flex 
flex-col md:flex-row 
justify-between 
items-start 
md:items-center mb-8 
gap-4"[39m
            
[36m>[39m
              
[36m<div>[39m
                
[36m<button[39m
                  [3
3mclass[39m=[32m"mb
-2 text-emerald-600 
font-bold 
hover:underline flex 
items-center 
gap-1"[39m
                
[36m>[39m
                  
[36m<svg[39m
                    
[33maria-hidden[39m=
[32m"true"[39m
                    
[33mclass[39m=[32m"
lucide 
lucide-arrow-left 
w-4 h-4"[39m
                    
[33mfill[39m=[32m"n
one"[39m
                    
[33mheight[39m=[32m
"24"[39m
                    
[33mstroke[39m=[32m
"currentColor"[39m
                    
[33mstroke-linecap[3
9m=[32m"round"[39m
                    
[33mstroke-linejoin[
39m=[32m"round"[39m
                    
[33mstroke-width[39m
=[32m"2"[39m
                    
[33mviewBox[39m=[32
m"0 0 24 24"[39m
                    
[33mwidth[39m=[32m"
24"[39m
                    
[33mxmlns[39m=[32m"
http://www.w3.org/200
0/svg"[39m
                  
[36m>[39m
                    
[36m<path[39m
                     
 [33md[39m=[32m"m1
2 19-7-7 7-7"[39m
                    
[36m/>[39m
                    
[36m<path[39m
                     
 [33md[39m=[32m"M1
9 12H5"[39m
                    
[36m/>[39m
                  
[36m</svg>[39m
                  
[0m Back[0m
                
[36m</button>[39m
                
[36m<h1[39m
                  [3
3mclass[39m=[32m"te
xt-4xl font-black 
text-slate-800"[39m
                
[36m>[39m
                  
[0mLive Market 
Prices ≡ƒôê[0m
                
[36m</h1>[39m
              
[36m</div>[39m
              
[36m<div[39m
                [33m
class[39m=[32m"bg-w
hite p-1 rounded-xl 
border 
border-slate-200 
shadow-sm flex 
overflow-x-auto 
max-w-full"[39m
              
[36m>[39m
                
[36m<button[39m
                  [3
3mclass[39m=[32m"px
-4 py-2 rounded-lg 
font-bold text-sm 
whitespace-nowrap 
flex items-center 
gap-2 transition-all 
bg-emerald-100 
text-emerald-700 
shadow-sm"[39m
                
[36m>[39m
                  
[36m<svg[39m
                    
[33maria-hidden[39m=
[32m"true"[39m
                    
[33mclass[39m=[32m"
lucide lucide-zap 
w-4 h-4"[39m
                    
[33mfill[39m=[32m"n
one"[39m
                    
[33mheight[39m=[32m
"24"[39m
                    
[33mstroke[39m=[32m
"currentColor"[39m
                    
[33mstroke-linecap[3
9m=[32m"round"[39m
                    
[33mstroke-linejoin[
39m=[32m"round"[39m
                    
[33mstroke-width[39m
=[32m"2"[39m
                    
[33mviewBox[39m=[32
m"0 0 24 24"[39m
                    
[33mwidth[39m=[32m"
24"[39m
                    
[33mxmlns[39m=[32m"
http://www.w3.org/200
0/svg"[39m
                  
[36m>[39m
                    
[36m<path[39m
                     
 
[33md[39m=[32m"M4 
14a1 1 0 0 1-.78-1.63
l9.9-10.2a.5.5 0 0 1 
.86.46l-1.92 6.02A1 
1 0 0 0 13 10h7a1 1 
0 0 1 .78 1.63l-9.9 
10.2a.5.5 0 0 1-.86-.
46l1.92-6.02A1 1 0 0 
0 11 14z"[39m
                    
[36m/>[39m
                  
[36m</svg>[39m
                  
[0mLive Rates[0m
                
[36m</button>[39m
                
[36m<button[39m
                  [3
3mclass[39m=[32m"px
-4 py-2 rounded-lg 
font-bold text-sm 
whitespace-nowrap 
flex items-center 
gap-2 transition-all 
text-slate-500 hover:
bg-slate-50"[39m
                
[36m>[39m
                  
[36m<svg[39m
                    
[33maria-hidden[39m=
[32m"true"[39m
                    
[33mclass[39m=[32m"
lucide lucide-chart-n
o-axes-column w-4 
h-4"[39m
                    
[33mfill[39m=[32m"n
one"[39m
                    
[33mheight[39m=[32m
"24"[39m
                    
[33mstroke[39m=[32m
"currentColor"[39m
                    
[33mstroke-linecap[3
9m=[32m"round"[39m
                    
[33mstroke-linejoin[
39m=[32m"round"[39m
                    
[33mstroke-width[39m
=[32m"2"[39m
                    
[33mviewBox[39m=[32
m"0 0 24 24"[39m
                    
[33mwidth[39m=[32m"
24"[39m
                    
[33mxmlns[39m=[32m"
http://www.w3.org/200
0/svg"[39m
                  
[36m>[39m
                    
[36m<path[39m
                     
 
[33md[39m=[32m"M5 
21v-6"[39m
                    
[36m/>[39m
                    
[36m<path[39m
                     
 [33md[39m=[32m"M1
2 21V3"[39m
                    
[36m/>[39m
                    
[36m<path[39m
                     
 [33md[39m=[32m"M1
9 21V9"[39m
                    
[36m/>[39m
                  
[36m</svg>[39m
                  
[0mTrends[0m
                
[36m</button>[39m
                
[36m<button[39m
                  [3
3mclass[39m=[32m"px
-4 py-2 rounded-lg 
font-bold text-sm 
whitespace-nowrap 
flex items-center 
gap-2 transition-all 
text-slate-500 hover:
bg-slate-50"[39m
                
[36m>[39m
                  
[36m<svg[39m
                    
[33maria-hidden[39m=
[32m"true"[39m
                    
[33mclass[39m=[32m"
lucide 
lucide-trending-up 
w-4 h-4"[39m
                    
[33mfill[39m=[32m"n
one"[39m
                    
[33mheight[39m=[32m
"24"[39m
                    
[33mstroke[39m=[32m
"currentColor"[39m
                    
[33mstroke-linecap[3
9m=[32m"round"[39m
                    
[33mstroke-linejoin[
39m=[32m"round"[39m
                    
[33mstroke-width[39m
=[32m"2"[39m
                    
[33mviewBox[39m=[32
m"0 0 24 24"[39m
                    
[33mwidth[39m=[32m"
24"[39m
                    
[33mxmlns[39m=[32m"
http://www.w3.org/200
0/svg"[39m
                  
[36m>[39m
                    
[36m<path[39m
                     
 [33md[39m=[32m"M1
6 7h6v6"[39m
                    
[36m/>[39m
                    
[36m<path[39m
                     
 [33md[39m=[32m"m2
2 7-8.5 8.5-5-5L2 
17"[39m
                    
[36m/>[39m
                  
[36m</svg>[39m
                  
[0mDemand[0m
                
[36m</button>[39m
                
[36m<button[39m
                  [3
3mclass[39m=[32m"px
-4 py-2 rounded-lg 
font-bold text-sm 
whitespace-nowrap 
flex items-center 
gap-2 transition-all 
text-slate-500 hover:
bg-slate-50"[39m
                
[36m>[39m
                  
[36m<svg[39m
                    
[33maria-hidden[39m=
[32m"true"[39m
                    
[33mclass[39m=[32m"
lucide lucide-circle-
check-big w-4 
h-4"[39m
                    
[33mfill[39m=[32m"n
one"[39m
                    
[33mheight[39m=[32m
"24"[39m
                    
[33mstroke[39m=[32m
"currentColor"[39m
                    
[33mstroke-linecap[3
9m=[32m"round"[39m
                    
[33mstroke-linejoin[
39m=[32m"round"[39m
                    
[33mstroke-width[39m
=[32m"2"[39m
                    
[33mviewBox[39m=[32
m"0 0 24 24"[39m
                    
[33mwidth[39m=[32m"
24"[39m
                    
[33mxmlns[39m=[32m"
http://www.w3.org/200
0/svg"[39m
                  
[36m>[39m
                    
[36m<path[39m
                     
 [33md[39m=[32m"M2
1.801 10A10 10 0 1 1 
17 3.335"[39m
                    
[36m/>[39m
                    
[36m<path[39m
                     
 
[33md[39m=[32m"m9 
11 3 3L22 4"[39m
                    
[36m/>[39m
                  
[36m</svg>[39m
                  
[0mAI Predictor[0m
                
[36m</button>[39m
                
[36m<button[39m
                  [3
3mclass[39m=[32m"px
-4 py-2 rounded-lg 
font-bold text-sm 
whitespace-nowrap 
flex items-center 
gap-2 transition-all 
text-slate-500 hover:
bg-slate-50"[39m
                
[36m>[39m
                  
[36m<svg[39m
                    
[33maria-hidden[39m=
[32m"true"[39m
                    
[33mclass[39m=[32m"
lucide lucide-award 
w-4 h-4"[39m
                    
[33mfill[39m=[32m"n
one"[39m
                    
[33mheight[39m=[32m
"24"[39m
                    
[33mstroke[39m=[32m
"currentColor"[39m
                    
[33mstroke-linecap[3
9m=[32m"round"[39m
                    
[33mstroke-linejoin[
39m=[32m"round"[39m
                    
[33mstroke-width[39m
=[32m"2"[39m
                    
[33mviewBox[39m=[32
m"0 0 24 24"[39m
                    
[33mwidth[39m=[32m"
24"[39m
                    
[33mxmlns[39m=[32m"
http://www.w3.org/200
0/svg"[39m
                  
[36m>[39m
                    
[36m<path[39m
                     
 [33md[39m=[32m"m1
5.477 12.89 1.515 
8.526a.5.5 0 0 1-.81.
47l-3.58-2.687a1 1 0 
0 0-1.197 0l-3.586 
2.686a.5.5 0 0 1-.81-
.469l1.514-8.526"[39
m
                    
[36m/>[39m
                    
[36m<circle[39m
                     
 [33mcx[39m=[32m"1
2"[39m
                     
 [33mcy[39m=[32m"8
"[39m
                     
 [33mr[39m=[32m"6"
[39m
                    
[36m/>[39m
                  
[36m</svg>[39m
                  
[0mQuality Check[0m
                
[36m</button>[39m
              
[36m</div>[39m
            
[36m</div>[39m
            
[36m<div[39m
              [33mcl
ass[39m=[32m"min-h-
[400px]"[39m
            
[36m>[39m
              
[36m<div[39m
                [33m
class[39m=[32m"grid
 grid-cols-1 
md:grid-cols-2 
lg:grid-cols-3 
gap-6"[39m
              
[36m>[39m
                
[36m<div[39m
                  [3
3manimate[39m=[32m"
[object Object]"[39m
                  [3
3mclass[39m=[32m"bg
-white p-6 
rounded-3xl border 
border-slate-100 
shadow-sm 
hover:shadow-lg 
transition-all"[39m
                  [3
3minitial[39m=[32m"
[object Object]"[39m
                
[36m>[39m
                  
[36m<div[39m
                    
[33mclass[39m=[32m"
flex justify-between 
items-center 
mb-3"[39m
                  
[36m>[39m
                    
[36m<h3[39m
                     
 [33mclass[39m=[32
m"text-xl font-bold 
text-slate-800"[39m
                    
[36m>[39m
                     
 [0mWheat[0m
                    
[36m</h3>[39m
                    
[36m<span[39m
                     
 [33mclass[39m=[32
m"text-sm 
text-slate-400 
font-medium"[39m
                    
[36m>[39m
                     
 [0mMandi A[0m
                    
[36m</span>[39m
                  
[36m</div>[39m
                  
[36m<div[39m
                    
[33mclass[39m=[32m"
flex items-end 
justify-between"[39m
                  
[36m>[39m
                    
[36m<div>[39m
                     
 [36m<p[39m
                     
   [33mclass[39m=[
32m"text-3xl 
font-black 
text-slate-900"[39m
                     
 [36m>[39m
                     
   [0m2200[0m
                     
 [36m</p>[39m
                     
 [36m<p[39m
                     
   [33mclass[39m=[
32m"text-xs 
text-slate-400"[39m
                     
 [36m>[39m
                     
   [0mper 
Quintal[0m
                     
 [36m</p>[39m
                    
[36m</div>[39m
                    
[36m<div[39m
                     
 [33mclass[39m=[32
m"flex items-center 
gap-1 font-bold 
text-green-600"[39m
                    
[36m>[39m
                     
 [0mΓû▓ Up[0m
                    
[36m</div>[39m
                  
[36m</div>[39m
                
[36m</div>[39m
                
[36m<div[39m
                  [3
3manimate[39m=[32m"
[object Object]"[39m
                  [3
3mclass[39m=[32m"bg
-white p-6 
rounded-3xl border 
border-slate-100 
shadow-sm 
hover:shadow-lg 
transition-all"[39m
                  [3
3minitial[39m=[32m"
[object Object]"[39m
                
[36m>[39m
                  
[36m<div[39m
                    
[33mclass[39m=[32m"
flex justify-between 
items-center 
mb-3"[39m
                  
[36m>[39m
                    
[36m<h3[39m
                     
 [33mclass[39m=[32
m"text-xl font-bold 
text-slate-800"[39m
                    
[36m>[39m
                     
 [0mRice[0m
                    
[36m</h3>[39m
                    
[36m<span[39m
                     
 [33mclass[39m=[32
m"text-sm 
text-slate-400 
font-medium"[39m
                    
[36m>[39m
                     
 [0mMandi B[0m
                    
[36m</span>[39m
                  
[36m</div>[39m
                  
[36m<div[39m
                    
[33mclass[39m=[32m"
flex items-end 
justify-between"[39m
                  
[36m>[39m
                    
[36m<div>[39m
                     
 [36m<p[39m
                     
   [33mclass[39m=[
32m"text-3xl 
font-black 
text-slate-900"[39m
                     
 [36m>[39m
                     
   [0m3000[0m
                     
 [36m</p>[39m
                     
 [36m<p[39m
                     
   [33mclass[39m=[
32m"text-xs 
text-slate-400"[39m
                     
 [36m>[39m
                     
   [0mper 
Quintal[0m
                     
 [36m</p>[39m
                    
[36m</div>[39m
                    
[36m<div[39m
                     
 [33mclass[39m=[32
m"flex items-center 
gap-1 font-bold 
text-slate-400"[39m
                    
[36m>[39m
                     
 [0mΓÇó Stable[0m
                    
[36m</div>[39m
                  
[36m</div>[39m
                
[36m</div>[39m
              
[36m</div>[39m
            
[36m</div>[39m
          
[36m</div>[39m
        
[36m</div>[39m
      
[36m</div>[39m
    [36m</body>[39m

    [0m [90m 87 
|[39m         expect
(screen[33m.[39mget
ByText([35m/Live 
Market Prices/i[39m)
)[33m.[39mtoBeInThe
Document()[33m;[39m
     [90m 88 |[39m
    [31m[1m>[22m[
39m[90m 89 |[39m   
      
[36mawait[39m 
waitFor(() 
[33m=>[39m {
     [90m    |[39m 
                     
[31m[1m^[22m[39m
     [90m 90 |[39m 
            expect(sc
reen[33m.[39mgetByT
ext([32m'Wheat'[39m
))[33m.[39mtoBeInTh
eDocument()[33m;[39
m
     [90m 91 |[39m 
            expect(sc
reen[33m.[39mgetByT
ext([32m'Rice'[39m)
)[33m.[39mtoBeInThe
Document()[33m;[39m
     [90m 92 |[39m 
            expect(sc
reen[33m.[39mgetByT
ext([32m'Γé╣2200'[3
9m))[33m.[39mtoBeIn
TheDocument()[33m;[
39m[0m

      at 
waitForWrapper (node_
modules/@testing-libr
ary/dom/dist/wait-for
.js:163:27)
      at src/componen
ts/MarketPrices.test.
jsx:89:22
      at 
Generator.call (src/c
omponents/MarketPrice
s.test.jsx:2:1)
      at 
Generator._invoke 
[as next] (src/compon
ents/MarketPrices.tes
t.jsx:2:1)
      at 
asyncGeneratorStep (s
rc/components/MarketP
rices.test.jsx:2:1)
      at 
asyncGeneratorStep (s
rc/components/MarketP
rices.test.jsx:2:1)
      at _next (src/c
omponents/MarketPrice
s.test.jsx:2:1)
      at 
Object.<anonymous> (s
rc/components/MarketP
rices.test.jsx:2:1)

Test Suites: 2 
failed, 2 total
Tests:       4 
failed, 7 passed, 11 
total
Snapshots:   0 total
Time:        5.518 s
Ran all test suites 
matching frontend/src
/components/MarketPri
ces.test.jsx|frontend
/src/components/Quali
tyPriceCalculator.tes
t.jsx.
